<?xml version="1.0" encoding="ISO-8859-1" ?>
<link_info>
   <banner>MSP430 Linker PC v21.6.1.LTS</banner>
   <copyright>Copyright (c) 2003-2018 Texas Instruments Incorporated</copyright>
   <link_time>0x69d8bb3e</link_time>
   <link_errors>0x0</link_errors>
   <output_file>project.out</output_file>
   <entry_point>
      <name>_c_int00_noargs_mpu</name>
      <address>0xaa42</address>
   </entry_point>
   <input_file_list>
      <input_file id="fl-2">
         <path>.\</path>
         <kind>object</kind>
         <file>main.obj</file>
         <name>main.obj</name>
      </input_file>
      <input_file id="fl-3">
         <path>.\Hardware\</path>
         <kind>object</kind>
         <file>MyI2C.obj</file>
         <name>MyI2C.obj</name>
      </input_file>
      <input_file id="fl-4">
         <path>.\Hardware\</path>
         <kind>object</kind>
         <file>OLED.obj</file>
         <name>OLED.obj</name>
      </input_file>
      <input_file id="fl-5">
         <path>.\Hardware\</path>
         <kind>object</kind>
         <file>OLED_Data.obj</file>
         <name>OLED_Data.obj</name>
      </input_file>
      <input_file id="fl-6">
         <path>.\driverlib\MSP430FR2xx_4xx\</path>
         <kind>object</kind>
         <file>adc.obj</file>
         <name>adc.obj</name>
      </input_file>
      <input_file id="fl-7">
         <path>.\driverlib\MSP430FR2xx_4xx\</path>
         <kind>object</kind>
         <file>crc.obj</file>
         <name>crc.obj</name>
      </input_file>
      <input_file id="fl-8">
         <path>.\driverlib\MSP430FR2xx_4xx\</path>
         <kind>object</kind>
         <file>cs.obj</file>
         <name>cs.obj</name>
      </input_file>
      <input_file id="fl-9">
         <path>.\driverlib\MSP430FR2xx_4xx\</path>
         <kind>object</kind>
         <file>ecomp.obj</file>
         <name>ecomp.obj</name>
      </input_file>
      <input_file id="fl-a">
         <path>.\driverlib\MSP430FR2xx_4xx\</path>
         <kind>object</kind>
         <file>eusci_a_spi.obj</file>
         <name>eusci_a_spi.obj</name>
      </input_file>
      <input_file id="fl-b">
         <path>.\driverlib\MSP430FR2xx_4xx\</path>
         <kind>object</kind>
         <file>eusci_a_uart.obj</file>
         <name>eusci_a_uart.obj</name>
      </input_file>
      <input_file id="fl-c">
         <path>.\driverlib\MSP430FR2xx_4xx\</path>
         <kind>object</kind>
         <file>eusci_b_i2c.obj</file>
         <name>eusci_b_i2c.obj</name>
      </input_file>
      <input_file id="fl-d">
         <path>.\driverlib\MSP430FR2xx_4xx\</path>
         <kind>object</kind>
         <file>eusci_b_spi.obj</file>
         <name>eusci_b_spi.obj</name>
      </input_file>
      <input_file id="fl-e">
         <path>.\driverlib\MSP430FR2xx_4xx\</path>
         <kind>object</kind>
         <file>framctl.obj</file>
         <name>framctl.obj</name>
      </input_file>
      <input_file id="fl-f">
         <path>.\driverlib\MSP430FR2xx_4xx\</path>
         <kind>object</kind>
         <file>gpio.obj</file>
         <name>gpio.obj</name>
      </input_file>
      <input_file id="fl-10">
         <path>.\driverlib\MSP430FR2xx_4xx\</path>
         <kind>object</kind>
         <file>icc.obj</file>
         <name>icc.obj</name>
      </input_file>
      <input_file id="fl-11">
         <path>.\driverlib\MSP430FR2xx_4xx\</path>
         <kind>object</kind>
         <file>lcd_e.obj</file>
         <name>lcd_e.obj</name>
      </input_file>
      <input_file id="fl-12">
         <path>.\driverlib\MSP430FR2xx_4xx\</path>
         <kind>object</kind>
         <file>mpy32.obj</file>
         <name>mpy32.obj</name>
      </input_file>
      <input_file id="fl-13">
         <path>.\driverlib\MSP430FR2xx_4xx\</path>
         <kind>object</kind>
         <file>pmm.obj</file>
         <name>pmm.obj</name>
      </input_file>
      <input_file id="fl-14">
         <path>.\driverlib\MSP430FR2xx_4xx\</path>
         <kind>object</kind>
         <file>rtc.obj</file>
         <name>rtc.obj</name>
      </input_file>
      <input_file id="fl-15">
         <path>.\driverlib\MSP430FR2xx_4xx\</path>
         <kind>object</kind>
         <file>sac.obj</file>
         <name>sac.obj</name>
      </input_file>
      <input_file id="fl-16">
         <path>.\driverlib\MSP430FR2xx_4xx\</path>
         <kind>object</kind>
         <file>sfr.obj</file>
         <name>sfr.obj</name>
      </input_file>
      <input_file id="fl-17">
         <path>.\driverlib\MSP430FR2xx_4xx\</path>
         <kind>object</kind>
         <file>sysctl.obj</file>
         <name>sysctl.obj</name>
      </input_file>
      <input_file id="fl-18">
         <path>.\driverlib\MSP430FR2xx_4xx\</path>
         <kind>object</kind>
         <file>tia.obj</file>
         <name>tia.obj</name>
      </input_file>
      <input_file id="fl-19">
         <path>.\driverlib\MSP430FR2xx_4xx\</path>
         <kind>object</kind>
         <file>timer_a.obj</file>
         <name>timer_a.obj</name>
      </input_file>
      <input_file id="fl-1a">
         <path>.\driverlib\MSP430FR2xx_4xx\</path>
         <kind>object</kind>
         <file>timer_b.obj</file>
         <name>timer_b.obj</name>
      </input_file>
      <input_file id="fl-1b">
         <path>.\driverlib\MSP430FR2xx_4xx\</path>
         <kind>object</kind>
         <file>tlv.obj</file>
         <name>tlv.obj</name>
      </input_file>
      <input_file id="fl-1c">
         <path>.\driverlib\MSP430FR2xx_4xx\</path>
         <kind>object</kind>
         <file>wdt_a.obj</file>
         <name>wdt_a.obj</name>
      </input_file>
      <input_file id="fl-1d">
         <path>.\system\</path>
         <kind>object</kind>
         <file>Delay.obj</file>
         <name>Delay.obj</name>
      </input_file>
      <input_file id="fl-23">
         <kind>object</kind>
         <file>&lt;internal&gt;</file>
         <name>&lt;internal&gt;</name>
      </input_file>
      <input_file id="fl-3e">
         <path>C:\ti\ccs2020\ccs\tools\compiler\ti-cgt-msp430_21.6.1.LTS\lib\</path>
         <kind>archive</kind>
         <file>rts430x_lc_sd_eabi.lib</file>
         <name>copy_decompress_lzss.c.obj</name>
      </input_file>
      <input_file id="fl-3f">
         <path>C:\ti\ccs2020\ccs\tools\compiler\ti-cgt-msp430_21.6.1.LTS\lib\</path>
         <kind>archive</kind>
         <file>rts430x_lc_sd_eabi.lib</file>
         <name>copy_decompress_none.c.obj</name>
      </input_file>
      <input_file id="fl-40">
         <path>C:\ti\ccs2020\ccs\tools\compiler\ti-cgt-msp430_21.6.1.LTS\lib\</path>
         <kind>archive</kind>
         <file>rts430x_lc_sd_eabi.lib</file>
         <name>int22.asm.obj</name>
      </input_file>
      <input_file id="fl-41">
         <path>C:\ti\ccs2020\ccs\tools\compiler\ti-cgt-msp430_21.6.1.LTS\lib\</path>
         <kind>archive</kind>
         <file>rts430x_lc_sd_eabi.lib</file>
         <name>isr_trap.asm.obj</name>
      </input_file>
      <input_file id="fl-42">
         <path>C:\ti\ccs2020\ccs\tools\compiler\ti-cgt-msp430_21.6.1.LTS\lib\</path>
         <kind>archive</kind>
         <file>rts430x_lc_sd_eabi.lib</file>
         <name>int23.asm.obj</name>
      </input_file>
      <input_file id="fl-43">
         <path>C:\ti\ccs2020\ccs\tools\compiler\ti-cgt-msp430_21.6.1.LTS\lib\</path>
         <kind>archive</kind>
         <file>rts430x_lc_sd_eabi.lib</file>
         <name>int24.asm.obj</name>
      </input_file>
      <input_file id="fl-44">
         <path>C:\ti\ccs2020\ccs\tools\compiler\ti-cgt-msp430_21.6.1.LTS\lib\</path>
         <kind>archive</kind>
         <file>rts430x_lc_sd_eabi.lib</file>
         <name>int25.asm.obj</name>
      </input_file>
      <input_file id="fl-45">
         <path>C:\ti\ccs2020\ccs\tools\compiler\ti-cgt-msp430_21.6.1.LTS\lib\</path>
         <kind>archive</kind>
         <file>rts430x_lc_sd_eabi.lib</file>
         <name>int26.asm.obj</name>
      </input_file>
      <input_file id="fl-46">
         <path>C:\ti\ccs2020\ccs\tools\compiler\ti-cgt-msp430_21.6.1.LTS\lib\</path>
         <kind>archive</kind>
         <file>rts430x_lc_sd_eabi.lib</file>
         <name>int27.asm.obj</name>
      </input_file>
      <input_file id="fl-47">
         <path>C:\ti\ccs2020\ccs\tools\compiler\ti-cgt-msp430_21.6.1.LTS\lib\</path>
         <kind>archive</kind>
         <file>rts430x_lc_sd_eabi.lib</file>
         <name>int28.asm.obj</name>
      </input_file>
      <input_file id="fl-48">
         <path>C:\ti\ccs2020\ccs\tools\compiler\ti-cgt-msp430_21.6.1.LTS\lib\</path>
         <kind>archive</kind>
         <file>rts430x_lc_sd_eabi.lib</file>
         <name>int29.asm.obj</name>
      </input_file>
      <input_file id="fl-49">
         <path>C:\ti\ccs2020\ccs\tools\compiler\ti-cgt-msp430_21.6.1.LTS\lib\</path>
         <kind>archive</kind>
         <file>rts430x_lc_sd_eabi.lib</file>
         <name>int30.asm.obj</name>
      </input_file>
      <input_file id="fl-4a">
         <path>C:\ti\ccs2020\ccs\tools\compiler\ti-cgt-msp430_21.6.1.LTS\lib\</path>
         <kind>archive</kind>
         <file>rts430x_lc_sd_eabi.lib</file>
         <name>int31.asm.obj</name>
      </input_file>
      <input_file id="fl-4b">
         <path>C:\ti\ccs2020\ccs\tools\compiler\ti-cgt-msp430_21.6.1.LTS\lib\</path>
         <kind>archive</kind>
         <file>rts430x_lc_sd_eabi.lib</file>
         <name>int32.asm.obj</name>
      </input_file>
      <input_file id="fl-4c">
         <path>C:\ti\ccs2020\ccs\tools\compiler\ti-cgt-msp430_21.6.1.LTS\lib\</path>
         <kind>archive</kind>
         <file>rts430x_lc_sd_eabi.lib</file>
         <name>int33.asm.obj</name>
      </input_file>
      <input_file id="fl-4d">
         <path>C:\ti\ccs2020\ccs\tools\compiler\ti-cgt-msp430_21.6.1.LTS\lib\</path>
         <kind>archive</kind>
         <file>rts430x_lc_sd_eabi.lib</file>
         <name>int34.asm.obj</name>
      </input_file>
      <input_file id="fl-4e">
         <path>C:\ti\ccs2020\ccs\tools\compiler\ti-cgt-msp430_21.6.1.LTS\lib\</path>
         <kind>archive</kind>
         <file>rts430x_lc_sd_eabi.lib</file>
         <name>int35.asm.obj</name>
      </input_file>
      <input_file id="fl-4f">
         <path>C:\ti\ccs2020\ccs\tools\compiler\ti-cgt-msp430_21.6.1.LTS\lib\</path>
         <kind>archive</kind>
         <file>rts430x_lc_sd_eabi.lib</file>
         <name>int36.asm.obj</name>
      </input_file>
      <input_file id="fl-50">
         <path>C:\ti\ccs2020\ccs\tools\compiler\ti-cgt-msp430_21.6.1.LTS\lib\</path>
         <kind>archive</kind>
         <file>rts430x_lc_sd_eabi.lib</file>
         <name>int37.asm.obj</name>
      </input_file>
      <input_file id="fl-51">
         <path>C:\ti\ccs2020\ccs\tools\compiler\ti-cgt-msp430_21.6.1.LTS\lib\</path>
         <kind>archive</kind>
         <file>rts430x_lc_sd_eabi.lib</file>
         <name>int38.asm.obj</name>
      </input_file>
      <input_file id="fl-52">
         <path>C:\ti\ccs2020\ccs\tools\compiler\ti-cgt-msp430_21.6.1.LTS\lib\</path>
         <kind>archive</kind>
         <file>rts430x_lc_sd_eabi.lib</file>
         <name>int39.asm.obj</name>
      </input_file>
      <input_file id="fl-53">
         <path>C:\ti\ccs2020\ccs\tools\compiler\ti-cgt-msp430_21.6.1.LTS\lib\</path>
         <kind>archive</kind>
         <file>rts430x_lc_sd_eabi.lib</file>
         <name>int40.asm.obj</name>
      </input_file>
      <input_file id="fl-54">
         <path>C:\ti\ccs2020\ccs\tools\compiler\ti-cgt-msp430_21.6.1.LTS\lib\</path>
         <kind>archive</kind>
         <file>rts430x_lc_sd_eabi.lib</file>
         <name>int41.asm.obj</name>
      </input_file>
      <input_file id="fl-55">
         <path>C:\ti\ccs2020\ccs\tools\compiler\ti-cgt-msp430_21.6.1.LTS\lib\</path>
         <kind>archive</kind>
         <file>rts430x_lc_sd_eabi.lib</file>
         <name>int42.asm.obj</name>
      </input_file>
      <input_file id="fl-56">
         <path>C:\ti\ccs2020\ccs\tools\compiler\ti-cgt-msp430_21.6.1.LTS\lib\</path>
         <kind>archive</kind>
         <file>rts430x_lc_sd_eabi.lib</file>
         <name>int43.asm.obj</name>
      </input_file>
      <input_file id="fl-57">
         <path>C:\ti\ccs2020\ccs\tools\compiler\ti-cgt-msp430_21.6.1.LTS\lib\</path>
         <kind>archive</kind>
         <file>rts430x_lc_sd_eabi.lib</file>
         <name>int44.asm.obj</name>
      </input_file>
      <input_file id="fl-58">
         <path>C:\ti\ccs2020\ccs\tools\compiler\ti-cgt-msp430_21.6.1.LTS\lib\</path>
         <kind>archive</kind>
         <file>rts430x_lc_sd_eabi.lib</file>
         <name>int45.asm.obj</name>
      </input_file>
      <input_file id="fl-59">
         <path>C:\ti\ccs2020\ccs\tools\compiler\ti-cgt-msp430_21.6.1.LTS\lib\</path>
         <kind>archive</kind>
         <file>rts430x_lc_sd_eabi.lib</file>
         <name>copy_zero_init.c.obj</name>
      </input_file>
      <input_file id="fl-5a">
         <path>C:\ti\ccs2020\ccs\tools\compiler\ti-cgt-msp430_21.6.1.LTS\lib\</path>
         <kind>archive</kind>
         <file>rts430x_lc_sd_eabi.lib</file>
         <name>cpy_util.asm.obj</name>
      </input_file>
      <input_file id="fl-5b">
         <path>C:\ti\ccs2020\ccs\tools\compiler\ti-cgt-msp430_21.6.1.LTS\lib\</path>
         <kind>archive</kind>
         <file>rts430x_lc_sd_eabi.lib</file>
         <name>cmpd.c.obj</name>
      </input_file>
      <input_file id="fl-5c">
         <path>C:\ti\ccs2020\ccs\tools\compiler\ti-cgt-msp430_21.6.1.LTS\lib\</path>
         <kind>archive</kind>
         <file>rts430x_lc_sd_eabi.lib</file>
         <name>div16s.asm.obj</name>
      </input_file>
      <input_file id="fl-5d">
         <path>C:\ti\ccs2020\ccs\tools\compiler\ti-cgt-msp430_21.6.1.LTS\lib\</path>
         <kind>archive</kind>
         <file>rts430x_lc_sd_eabi.lib</file>
         <name>div32s.asm.obj</name>
      </input_file>
      <input_file id="fl-5e">
         <path>C:\ti\ccs2020\ccs\tools\compiler\ti-cgt-msp430_21.6.1.LTS\lib\</path>
         <kind>archive</kind>
         <file>rts430x_lc_sd_eabi.lib</file>
         <name>div16u.asm.obj</name>
      </input_file>
      <input_file id="fl-5f">
         <path>C:\ti\ccs2020\ccs\tools\compiler\ti-cgt-msp430_21.6.1.LTS\lib\</path>
         <kind>archive</kind>
         <file>rts430x_lc_sd_eabi.lib</file>
         <name>div32u.asm.obj</name>
      </input_file>
      <input_file id="fl-60">
         <path>C:\ti\ccs2020\ccs\tools\compiler\ti-cgt-msp430_21.6.1.LTS\lib\</path>
         <kind>archive</kind>
         <file>rts430x_lc_sd_eabi.lib</file>
         <name>fixdu.c.obj</name>
      </input_file>
      <input_file id="fl-61">
         <path>C:\ti\ccs2020\ccs\tools\compiler\ti-cgt-msp430_21.6.1.LTS\lib\</path>
         <kind>archive</kind>
         <file>rts430x_lc_sd_eabi.lib</file>
         <name>fixdul.c.obj</name>
      </input_file>
      <input_file id="fl-62">
         <path>C:\ti\ccs2020\ccs\tools\compiler\ti-cgt-msp430_21.6.1.LTS\lib\</path>
         <kind>archive</kind>
         <file>rts430x_lc_sd_eabi.lib</file>
         <name>fltud.c.obj</name>
      </input_file>
      <input_file id="fl-63">
         <path>C:\ti\ccs2020\ccs\tools\compiler\ti-cgt-msp430_21.6.1.LTS\lib\</path>
         <kind>archive</kind>
         <file>rts430x_lc_sd_eabi.lib</file>
         <name>fltuld.c.obj</name>
      </input_file>
      <input_file id="fl-64">
         <path>C:\ti\ccs2020\ccs\tools\compiler\ti-cgt-msp430_21.6.1.LTS\lib\</path>
         <kind>archive</kind>
         <file>rts430x_lc_sd_eabi.lib</file>
         <name>mpyd.c.obj</name>
      </input_file>
      <input_file id="fl-65">
         <path>C:\ti\ccs2020\ccs\tools\compiler\ti-cgt-msp430_21.6.1.LTS\lib\</path>
         <kind>archive</kind>
         <file>rts430x_lc_sd_eabi.lib</file>
         <name>frcmpyd.c.obj</name>
      </input_file>
      <input_file id="fl-66">
         <path>C:\ti\ccs2020\ccs\tools\compiler\ti-cgt-msp430_21.6.1.LTS\lib\</path>
         <kind>archive</kind>
         <file>rts430x_lc_sd_eabi.lib</file>
         <name>mult16.asm.obj</name>
      </input_file>
      <input_file id="fl-67">
         <path>C:\ti\ccs2020\ccs\tools\compiler\ti-cgt-msp430_21.6.1.LTS\lib\</path>
         <kind>archive</kind>
         <file>rts430x_lc_sd_eabi.lib</file>
         <name>mult16_f5hw.asm.obj</name>
      </input_file>
      <input_file id="fl-68">
         <path>C:\ti\ccs2020\ccs\tools\compiler\ti-cgt-msp430_21.6.1.LTS\lib\</path>
         <kind>archive</kind>
         <file>rts430x_lc_sd_eabi.lib</file>
         <name>mult32.asm.obj</name>
      </input_file>
      <input_file id="fl-69">
         <path>C:\ti\ccs2020\ccs\tools\compiler\ti-cgt-msp430_21.6.1.LTS\lib\</path>
         <kind>archive</kind>
         <file>rts430x_lc_sd_eabi.lib</file>
         <name>mult32_f5hw.asm.obj</name>
      </input_file>
      <input_file id="fl-6a">
         <path>C:\ti\ccs2020\ccs\tools\compiler\ti-cgt-msp430_21.6.1.LTS\lib\</path>
         <kind>archive</kind>
         <file>rts430x_lc_sd_eabi.lib</file>
         <name>mult64.asm.obj</name>
      </input_file>
      <input_file id="fl-6b">
         <path>C:\ti\ccs2020\ccs\tools\compiler\ti-cgt-msp430_21.6.1.LTS\lib\</path>
         <kind>archive</kind>
         <file>rts430x_lc_sd_eabi.lib</file>
         <name>mult64_f5hw.asm.obj</name>
      </input_file>
      <input_file id="fl-6c">
         <path>C:\ti\ccs2020\ccs\tools\compiler\ti-cgt-msp430_21.6.1.LTS\lib\</path>
         <kind>archive</kind>
         <file>rts430x_lc_sd_eabi.lib</file>
         <name>mult1632_f5hw.asm.obj</name>
      </input_file>
      <input_file id="fl-6d">
         <path>C:\ti\ccs2020\ccs\tools\compiler\ti-cgt-msp430_21.6.1.LTS\lib\</path>
         <kind>archive</kind>
         <file>rts430x_lc_sd_eabi.lib</file>
         <name>mult3264_f5hw.asm.obj</name>
      </input_file>
      <input_file id="fl-6e">
         <path>C:\ti\ccs2020\ccs\tools\compiler\ti-cgt-msp430_21.6.1.LTS\lib\</path>
         <kind>archive</kind>
         <file>rts430x_lc_sd_eabi.lib</file>
         <name>mult1632.asm.obj</name>
      </input_file>
      <input_file id="fl-6f">
         <path>C:\ti\ccs2020\ccs\tools\compiler\ti-cgt-msp430_21.6.1.LTS\lib\</path>
         <kind>archive</kind>
         <file>rts430x_lc_sd_eabi.lib</file>
         <name>mult3264.asm.obj</name>
      </input_file>
      <input_file id="fl-70">
         <path>C:\ti\ccs2020\ccs\tools\compiler\ti-cgt-msp430_21.6.1.LTS\lib\</path>
         <kind>archive</kind>
         <file>rts430x_lc_sd_eabi.lib</file>
         <name>negd.c.obj</name>
      </input_file>
      <input_file id="fl-71">
         <path>C:\ti\ccs2020\ccs\tools\compiler\ti-cgt-msp430_21.6.1.LTS\lib\</path>
         <kind>archive</kind>
         <file>rts430x_lc_sd_eabi.lib</file>
         <name>lsl16.asm.obj</name>
      </input_file>
      <input_file id="fl-72">
         <path>C:\ti\ccs2020\ccs\tools\compiler\ti-cgt-msp430_21.6.1.LTS\lib\</path>
         <kind>archive</kind>
         <file>rts430x_lc_sd_eabi.lib</file>
         <name>lsl32.asm.obj</name>
      </input_file>
      <input_file id="fl-73">
         <path>C:\ti\ccs2020\ccs\tools\compiler\ti-cgt-msp430_21.6.1.LTS\lib\</path>
         <kind>archive</kind>
         <file>rts430x_lc_sd_eabi.lib</file>
         <name>lsl64.c.obj</name>
      </input_file>
      <input_file id="fl-74">
         <path>C:\ti\ccs2020\ccs\tools\compiler\ti-cgt-msp430_21.6.1.LTS\lib\</path>
         <kind>archive</kind>
         <file>rts430x_lc_sd_eabi.lib</file>
         <name>lsr16.asm.obj</name>
      </input_file>
      <input_file id="fl-75">
         <path>C:\ti\ccs2020\ccs\tools\compiler\ti-cgt-msp430_21.6.1.LTS\lib\</path>
         <kind>archive</kind>
         <file>rts430x_lc_sd_eabi.lib</file>
         <name>lsr32.asm.obj</name>
      </input_file>
      <input_file id="fl-76">
         <path>C:\ti\ccs2020\ccs\tools\compiler\ti-cgt-msp430_21.6.1.LTS\lib\</path>
         <kind>archive</kind>
         <file>rts430x_lc_sd_eabi.lib</file>
         <name>lsr64.c.obj</name>
      </input_file>
      <input_file id="fl-77">
         <path>C:\ti\ccs2020\ccs\tools\compiler\ti-cgt-msp430_21.6.1.LTS\lib\</path>
         <kind>archive</kind>
         <file>rts430x_lc_sd_eabi.lib</file>
         <name>subd.c.obj</name>
      </input_file>
      <input_file id="fl-78">
         <path>C:\ti\ccs2020\ccs\tools\compiler\ti-cgt-msp430_21.6.1.LTS\lib\</path>
         <kind>archive</kind>
         <file>rts430x_lc_sd_eabi.lib</file>
         <name>addd.c.obj</name>
      </input_file>
      <input_file id="fl-79">
         <path>C:\ti\ccs2020\ccs\tools\compiler\ti-cgt-msp430_21.6.1.LTS\lib\</path>
         <kind>archive</kind>
         <file>rts430x_lc_sd_eabi.lib</file>
         <name>asr64.c.obj</name>
      </input_file>
      <input_file id="fl-7a">
         <path>C:\ti\ccs2020\ccs\tools\compiler\ti-cgt-msp430_21.6.1.LTS\lib\</path>
         <kind>archive</kind>
         <file>rts430x_lc_sd_eabi.lib</file>
         <name>boot.c.obj</name>
      </input_file>
      <input_file id="fl-7b">
         <path>C:\ti\ccs2020\ccs\ccs_base\msp430\lib\FR2xx\</path>
         <kind>archive</kind>
         <file>FRWP_INIT_LIB_CCS_msp430_large_code_small_data.lib</file>
         <name>frwp_init.obj</name>
      </input_file>
      <input_file id="fl-7c">
         <path>C:\ti\ccs2020\ccs\tools\compiler\ti-cgt-msp430_21.6.1.LTS\lib\</path>
         <kind>archive</kind>
         <file>rts430x_lc_sd_eabi.lib</file>
         <name>args_main.c.obj</name>
      </input_file>
      <input_file id="fl-7d">
         <path>C:\ti\ccs2020\ccs\tools\compiler\ti-cgt-msp430_21.6.1.LTS\lib\</path>
         <kind>archive</kind>
         <file>rts430x_lc_sd_eabi.lib</file>
         <name>autoinit.c.obj</name>
      </input_file>
      <input_file id="fl-7e">
         <path>C:\ti\ccs2020\ccs\tools\compiler\ti-cgt-msp430_21.6.1.LTS\lib\</path>
         <kind>archive</kind>
         <file>rts430x_lc_sd_eabi.lib</file>
         <name>startup.c.obj</name>
      </input_file>
      <input_file id="fl-7f">
         <path>C:\ti\ccs2020\ccs\tools\compiler\ti-cgt-msp430_21.6.1.LTS\lib\</path>
         <kind>archive</kind>
         <file>rts430x_lc_sd_eabi.lib</file>
         <name>pre_init.c.obj</name>
      </input_file>
      <input_file id="fl-80">
         <path>C:\ti\ccs2020\ccs\tools\compiler\ti-cgt-msp430_21.6.1.LTS\lib\</path>
         <kind>archive</kind>
         <file>rts430x_lc_sd_eabi.lib</file>
         <name>cpy_tbl.c.obj</name>
      </input_file>
      <input_file id="fl-81">
         <path>C:\ti\ccs2020\ccs\tools\compiler\ti-cgt-msp430_21.6.1.LTS\lib\</path>
         <kind>archive</kind>
         <file>rts430x_lc_sd_eabi.lib</file>
         <name>exit.c.obj</name>
      </input_file>
      <input_file id="fl-82">
         <path>C:\ti\ccs2020\ccs\tools\compiler\ti-cgt-msp430_21.6.1.LTS\lib\</path>
         <kind>archive</kind>
         <file>rts430x_lc_sd_eabi.lib</file>
         <name>exit_gvars.c.obj</name>
      </input_file>
      <input_file id="fl-83">
         <path>C:\ti\ccs2020\ccs\tools\compiler\ti-cgt-msp430_21.6.1.LTS\lib\</path>
         <kind>archive</kind>
         <file>rts430x_lc_sd_eabi.lib</file>
         <name>_lock.c.obj</name>
      </input_file>
      <input_file id="fl-84">
         <path>C:\ti\ccs2020\ccs\tools\compiler\ti-cgt-msp430_21.6.1.LTS\lib\</path>
         <kind>archive</kind>
         <file>rts430x_lc_sd_eabi.lib</file>
         <name>memcpy.c.obj</name>
      </input_file>
      <input_file id="fl-85">
         <path>C:\ti\ccs2020\ccs\tools\compiler\ti-cgt-msp430_21.6.1.LTS\lib\</path>
         <kind>archive</kind>
         <file>rts430x_lc_sd_eabi.lib</file>
         <name>memset.c.obj</name>
      </input_file>
      <input_file id="fl-86">
         <path>C:\ti\ccs2020\ccs\tools\compiler\ti-cgt-msp430_21.6.1.LTS\lib\</path>
         <kind>archive</kind>
         <file>rts430x_lc_sd_eabi.lib</file>
         <name>s_round.c.obj</name>
      </input_file>
      <input_file id="fl-87">
         <path>C:\ti\ccs2020\ccs\tools\compiler\ti-cgt-msp430_21.6.1.LTS\lib\</path>
         <kind>archive</kind>
         <file>rts430x_lc_sd_eabi.lib</file>
         <name>s_floor.c.obj</name>
      </input_file>
      <input_file id="fl-88">
         <path>C:\ti\ccs2020\ccs\tools\compiler\ti-cgt-msp430_21.6.1.LTS\lib\</path>
         <kind>archive</kind>
         <file>rts430x_lc_sd_eabi.lib</file>
         <name>asr32.asm.obj</name>
      </input_file>
      <input_file id="fl-89">
         <path>C:\ti\ccs2020\ccs\tools\compiler\ti-cgt-msp430_21.6.1.LTS\lib\</path>
         <kind>archive</kind>
         <file>rts430x_lc_sd_eabi.lib</file>
         <name>strcmp.c.obj</name>
      </input_file>
      <input_file id="fl-8a">
         <path>C:\ti\ccs2020\ccs\tools\compiler\ti-cgt-msp430_21.6.1.LTS\lib\</path>
         <kind>archive</kind>
         <file>rts430x_lc_sd_eabi.lib</file>
         <name>vsprintf.c.obj</name>
      </input_file>
      <input_file id="fl-8b">
         <path>C:\ti\ccs2020\ccs\tools\compiler\ti-cgt-msp430_21.6.1.LTS\lib\</path>
         <kind>archive</kind>
         <file>rts430x_lc_sd_eabi.lib</file>
         <name>_printfi.c.obj</name>
      </input_file>
      <input_file id="fl-8c">
         <path>C:\ti\ccs2020\ccs\tools\compiler\ti-cgt-msp430_21.6.1.LTS\lib\</path>
         <kind>archive</kind>
         <file>rts430x_lc_sd_eabi.lib</file>
         <name>_ltoa.c.obj</name>
      </input_file>
      <input_file id="fl-8d">
         <path>C:\ti\ccs2020\ccs\tools\compiler\ti-cgt-msp430_21.6.1.LTS\lib\</path>
         <kind>archive</kind>
         <file>rts430x_lc_sd_eabi.lib</file>
         <name>divd.c.obj</name>
      </input_file>
      <input_file id="fl-8e">
         <path>C:\ti\ccs2020\ccs\tools\compiler\ti-cgt-msp430_21.6.1.LTS\lib\</path>
         <kind>archive</kind>
         <file>rts430x_lc_sd_eabi.lib</file>
         <name>frcdivd.c.obj</name>
      </input_file>
      <input_file id="fl-8f">
         <path>C:\ti\ccs2020\ccs\tools\compiler\ti-cgt-msp430_21.6.1.LTS\lib\</path>
         <kind>archive</kind>
         <file>rts430x_lc_sd_eabi.lib</file>
         <name>div64u.c.obj</name>
      </input_file>
      <input_file id="fl-90">
         <path>C:\ti\ccs2020\ccs\tools\compiler\ti-cgt-msp430_21.6.1.LTS\lib\</path>
         <kind>archive</kind>
         <file>rts430x_lc_sd_eabi.lib</file>
         <name>fixdi.c.obj</name>
      </input_file>
      <input_file id="fl-91">
         <path>C:\ti\ccs2020\ccs\tools\compiler\ti-cgt-msp430_21.6.1.LTS\lib\</path>
         <kind>archive</kind>
         <file>rts430x_lc_sd_eabi.lib</file>
         <name>fixdli.c.obj</name>
      </input_file>
      <input_file id="fl-92">
         <path>C:\ti\ccs2020\ccs\tools\compiler\ti-cgt-msp430_21.6.1.LTS\lib\</path>
         <kind>archive</kind>
         <file>rts430x_lc_sd_eabi.lib</file>
         <name>fltid.c.obj</name>
      </input_file>
      <input_file id="fl-93">
         <path>C:\ti\ccs2020\ccs\tools\compiler\ti-cgt-msp430_21.6.1.LTS\lib\</path>
         <kind>archive</kind>
         <file>rts430x_lc_sd_eabi.lib</file>
         <name>fltlid.c.obj</name>
      </input_file>
      <input_file id="fl-94">
         <path>C:\ti\ccs2020\ccs\tools\compiler\ti-cgt-msp430_21.6.1.LTS\lib\</path>
         <kind>archive</kind>
         <file>rts430x_lc_sd_eabi.lib</file>
         <name>abs.c.obj</name>
      </input_file>
      <input_file id="fl-95">
         <path>C:\ti\ccs2020\ccs\tools\compiler\ti-cgt-msp430_21.6.1.LTS\lib\</path>
         <kind>archive</kind>
         <file>rts430x_lc_sd_eabi.lib</file>
         <name>atoi.c.obj</name>
      </input_file>
      <input_file id="fl-96">
         <path>C:\ti\ccs2020\ccs\tools\compiler\ti-cgt-msp430_21.6.1.LTS\lib\</path>
         <kind>archive</kind>
         <file>rts430x_lc_sd_eabi.lib</file>
         <name>ctype.c.obj</name>
      </input_file>
      <input_file id="fl-97">
         <path>C:\ti\ccs2020\ccs\tools\compiler\ti-cgt-msp430_21.6.1.LTS\lib\</path>
         <kind>archive</kind>
         <file>rts430x_lc_sd_eabi.lib</file>
         <name>errno.c.obj</name>
      </input_file>
      <input_file id="fl-98">
         <path>C:\ti\ccs2020\ccs\tools\compiler\ti-cgt-msp430_21.6.1.LTS\lib\</path>
         <kind>archive</kind>
         <file>rts430x_lc_sd_eabi.lib</file>
         <name>s_frexp.c.obj</name>
      </input_file>
      <input_file id="fl-99">
         <path>C:\ti\ccs2020\ccs\tools\compiler\ti-cgt-msp430_21.6.1.LTS\lib\</path>
         <kind>archive</kind>
         <file>rts430x_lc_sd_eabi.lib</file>
         <name>s_scalbn.c.obj</name>
      </input_file>
      <input_file id="fl-9a">
         <path>C:\ti\ccs2020\ccs\tools\compiler\ti-cgt-msp430_21.6.1.LTS\lib\</path>
         <kind>archive</kind>
         <file>rts430x_lc_sd_eabi.lib</file>
         <name>s_copysign.c.obj</name>
      </input_file>
      <input_file id="fl-9b">
         <path>C:\ti\ccs2020\ccs\tools\compiler\ti-cgt-msp430_21.6.1.LTS\lib\</path>
         <kind>archive</kind>
         <file>rts430x_lc_sd_eabi.lib</file>
         <name>memccpy.c.obj</name>
      </input_file>
      <input_file id="fl-9c">
         <path>C:\ti\ccs2020\ccs\tools\compiler\ti-cgt-msp430_21.6.1.LTS\lib\</path>
         <kind>archive</kind>
         <file>rts430x_lc_sd_eabi.lib</file>
         <name>strchr.c.obj</name>
      </input_file>
      <input_file id="fl-9d">
         <path>C:\ti\ccs2020\ccs\tools\compiler\ti-cgt-msp430_21.6.1.LTS\lib\</path>
         <kind>archive</kind>
         <file>rts430x_lc_sd_eabi.lib</file>
         <name>strlen.c.obj</name>
      </input_file>
      <input_file id="fl-9e">
         <path>C:\ti\ccs2020\ccs\tools\compiler\ti-cgt-msp430_21.6.1.LTS\lib\</path>
         <kind>archive</kind>
         <file>rts430x_lc_sd_eabi.lib</file>
         <name>toupper.c.obj</name>
      </input_file>
      <input_file id="fl-9f">
         <path>C:\ti\ccs2020\ccs\tools\compiler\ti-cgt-msp430_21.6.1.LTS\lib\</path>
         <kind>archive</kind>
         <file>rts430x_lc_sd_eabi.lib</file>
         <name>wcslen.c.obj</name>
      </input_file>
   </input_file_list>
   <object_component_list>
      <object_component id="oc-7f5">
         <name>.cinit..bss.load</name>
         <load_address>0x8000</load_address>
         <run_address>0x8000</run_address>
         <size>0x6</size>
      </object_component>
      <object_component id="oc-7f3">
         <name>__TI_handler_table</name>
         <load_address>0x8006</load_address>
         <run_address>0x8006</run_address>
         <size>0x4</size>
      </object_component>
      <object_component id="oc-7f4">
         <name>__TI_cinit_table</name>
         <load_address>0x800a</load_address>
         <run_address>0x800a</run_address>
         <size>0x8</size>
      </object_component>
      <object_component id="oc-793">
         <name>.binit</name>
         <load_address>0x8012</load_address>
         <run_address>0x8012</run_address>
         <size>0x0</size>
      </object_component>
      <object_component id="oc-565">
         <name>.const:OLED_F8x16</name>
         <load_address>0x8012</load_address>
         <run_address>0x8012</run_address>
         <size>0x5f0</size>
         <input_file_ref idref="fl-5"/>
      </object_component>
      <object_component id="oc-55c">
         <name>.const:OLED_F6x8</name>
         <load_address>0x8602</load_address>
         <run_address>0x8602</run_address>
         <size>0x23a</size>
         <input_file_ref idref="fl-5"/>
      </object_component>
      <object_component id="oc-5b0">
         <name>.const:OLED_CF16x16</name>
         <load_address>0x883c</load_address>
         <run_address>0x883c</run_address>
         <size>0xfc</size>
         <input_file_ref idref="fl-5"/>
      </object_component>
      <object_component id="oc-761">
         <name>.const:.string</name>
         <load_address>0x8938</load_address>
         <run_address>0x8938</run_address>
         <size>0x26</size>
         <input_file_ref idref="fl-8b"/>
      </object_component>
      <object_component id="oc-4be">
         <name>.const:.string</name>
         <load_address>0x895e</load_address>
         <run_address>0x895e</run_address>
         <size>0x16</size>
         <input_file_ref idref="fl-2"/>
      </object_component>
      <object_component id="oc-5b3">
         <name>.const:.string</name>
         <load_address>0x8974</load_address>
         <run_address>0x8974</run_address>
         <size>0x2</size>
         <input_file_ref idref="fl-4"/>
      </object_component>
      <object_component id="oc-66d">
         <name>.text:__mspabi_addd</name>
         <load_address>0x8976</load_address>
         <run_address>0x8976</run_address>
         <size>0x72a</size>
         <input_file_ref idref="fl-78"/>
      </object_component>
      <object_component id="oc-598">
         <name>.text:__mspabi_mpyd</name>
         <load_address>0x90a0</load_address>
         <run_address>0x90a0</run_address>
         <size>0x292</size>
         <input_file_ref idref="fl-64"/>
      </object_component>
      <object_component id="oc-67c">
         <name>.text:floor</name>
         <load_address>0x9332</load_address>
         <run_address>0x9332</run_address>
         <size>0x1c0</size>
         <input_file_ref idref="fl-87"/>
      </object_component>
      <object_component id="oc-4d7">
         <name>.text:OLED_ShowFloatNum</name>
         <load_address>0x94f2</load_address>
         <run_address>0x94f2</run_address>
         <size>0x16e</size>
         <input_file_ref idref="fl-4"/>
      </object_component>
      <object_component id="oc-674">
         <name>.text:__TI_frcmpyd</name>
         <load_address>0x9660</load_address>
         <run_address>0x9660</run_address>
         <size>0x164</size>
         <input_file_ref idref="fl-65"/>
      </object_component>
      <object_component id="oc-72c">
         <name>.text:__TI_printfi_minimal:_setfield___TI_printfi_minimal</name>
         <load_address>0x97c4</load_address>
         <run_address>0x97c4</run_address>
         <size>0x10e</size>
         <input_file_ref idref="fl-8b"/>
      </object_component>
      <object_component id="oc-59e">
         <name>.text:round</name>
         <load_address>0x98d2</load_address>
         <run_address>0x98d2</run_address>
         <size>0x102</size>
         <input_file_ref idref="fl-86"/>
      </object_component>
      <object_component id="oc-55f">
         <name>.text:OLED_ShowImage</name>
         <load_address>0x99d4</load_address>
         <run_address>0x99d4</run_address>
         <size>0xfa</size>
         <input_file_ref idref="fl-4"/>
      </object_component>
      <object_component id="oc-69d">
         <name>.text:__TI_printfi_minimal:__TI_printfi_minimal</name>
         <load_address>0x9ace</load_address>
         <run_address>0x9ace</run_address>
         <size>0xe2</size>
         <input_file_ref idref="fl-8b"/>
      </object_component>
      <object_component id="oc-490">
         <name>.text:main</name>
         <load_address>0x9bb0</load_address>
         <run_address>0x9bb0</run_address>
         <size>0xdc</size>
         <input_file_ref idref="fl-2"/>
      </object_component>
      <object_component id="oc-4b2">
         <name>.text:OLED_Init</name>
         <load_address>0x9c8c</load_address>
         <run_address>0x9c8c</run_address>
         <size>0xd8</size>
         <input_file_ref idref="fl-4"/>
      </object_component>
      <object_component id="oc-57a">
         <name>.text:__mspabi_cmpd</name>
         <load_address>0x9d64</load_address>
         <run_address>0x9d64</run_address>
         <size>0xd8</size>
         <input_file_ref idref="fl-5b"/>
      </object_component>
      <object_component id="oc-762">
         <name>.text:__TI_printfi_minimal:_pproc_diouxp___TI_printfi_minimal</name>
         <load_address>0x9e3c</load_address>
         <run_address>0x9e3c</run_address>
         <size>0xc4</size>
         <input_file_ref idref="fl-8b"/>
      </object_component>
      <object_component id="oc-4dd">
         <name>.text:OLED_ShowChinese</name>
         <load_address>0x9f00</load_address>
         <run_address>0x9f00</run_address>
         <size>0xbe</size>
         <input_file_ref idref="fl-4"/>
      </object_component>
      <object_component id="oc-4cb">
         <name>.text:OLED_ShowSignedNum</name>
         <load_address>0x9fbe</load_address>
         <run_address>0x9fbe</run_address>
         <size>0x92</size>
         <input_file_ref idref="fl-4"/>
      </object_component>
      <object_component id="oc-666">
         <name>.text:__mspabi_fltuld</name>
         <load_address>0xa050</load_address>
         <run_address>0xa050</run_address>
         <size>0x80</size>
         <input_file_ref idref="fl-63"/>
      </object_component>
      <object_component id="oc-4c5">
         <name>.text:OLED_ShowNum</name>
         <load_address>0xa0d0</load_address>
         <run_address>0xa0d0</run_address>
         <size>0x6e</size>
         <input_file_ref idref="fl-4"/>
      </object_component>
      <object_component id="oc-632">
         <name>.text:OLED_ClearArea</name>
         <load_address>0xa13e</load_address>
         <run_address>0xa13e</run_address>
         <size>0x6a</size>
         <input_file_ref idref="fl-4"/>
      </object_component>
      <object_component id="oc-51e">
         <name>.text:__TI_auto_init_nobinit_nopinit_hold_wdt:__TI_auto_init_nobinit_nopinit_hold_wdt</name>
         <load_address>0xa1a8</load_address>
         <run_address>0xa1a8</run_address>
         <size>0x6a</size>
         <input_file_ref idref="fl-7d"/>
      </object_component>
      <object_component id="oc-65f">
         <name>.text:__mspabi_fixdul</name>
         <load_address>0xa212</load_address>
         <run_address>0xa212</run_address>
         <size>0x68</size>
         <input_file_ref idref="fl-61"/>
      </object_component>
      <object_component id="oc-4d1">
         <name>.text:OLED_ShowBinNum</name>
         <load_address>0xa27a</load_address>
         <run_address>0xa27a</run_address>
         <size>0x64</size>
         <input_file_ref idref="fl-4"/>
      </object_component>
      <object_component id="oc-6ff">
         <name>.text:__mpyll</name>
         <load_address>0xa2de</load_address>
         <run_address>0xa2de</run_address>
         <size>0x5c</size>
         <input_file_ref idref="fl-6b"/>
      </object_component>
      <object_component id="oc-4b8">
         <name>.text:OLED_ShowChar</name>
         <load_address>0xa33a</load_address>
         <run_address>0xa33a</run_address>
         <size>0x5a</size>
         <input_file_ref idref="fl-4"/>
      </object_component>
      <object_component id="oc-572">
         <name>.text</name>
         <load_address>0xa394</load_address>
         <run_address>0xa394</run_address>
         <size>0x58</size>
         <input_file_ref idref="fl-5f"/>
      </object_component>
      <object_component id="oc-61a">
         <name>.text:MyI2C_SendByte</name>
         <load_address>0xa3ec</load_address>
         <run_address>0xa3ec</run_address>
         <size>0x54</size>
         <input_file_ref idref="fl-3"/>
      </object_component>
      <object_component id="oc-620">
         <name>.text:MyI2C_ReceiveAck</name>
         <load_address>0xa440</load_address>
         <run_address>0xa440</run_address>
         <size>0x50</size>
         <input_file_ref idref="fl-3"/>
      </object_component>
      <object_component id="oc-5d3">
         <name>.text:OLED_WriteData</name>
         <load_address>0xa490</load_address>
         <run_address>0xa490</run_address>
         <size>0x42</size>
         <input_file_ref idref="fl-4"/>
      </object_component>
      <object_component id="oc-6f1">
         <name>.text:__mspabi_srall</name>
         <load_address>0xa4d2</load_address>
         <run_address>0xa4d2</run_address>
         <size>0x40</size>
         <input_file_ref idref="fl-79"/>
      </object_component>
      <object_component id="oc-442">
         <name>.text:decompress:ZI:__TI_zero_init</name>
         <load_address>0xa512</load_address>
         <run_address>0xa512</run_address>
         <size>0x3e</size>
         <input_file_ref idref="fl-59"/>
      </object_component>
      <object_component id="oc-6df">
         <name>.text:l_lsl_const</name>
         <load_address>0xa550</load_address>
         <run_address>0xa550</run_address>
         <size>0x3e</size>
         <input_file_ref idref="fl-72"/>
      </object_component>
      <object_component id="oc-6ea">
         <name>.text:l_lsr_const</name>
         <load_address>0xa58e</load_address>
         <run_address>0xa58e</run_address>
         <size>0x3e</size>
         <input_file_ref idref="fl-75"/>
      </object_component>
      <object_component id="oc-4a2">
         <name>.text:__mpu_init</name>
         <load_address>0xa5cc</load_address>
         <run_address>0xa5cc</run_address>
         <size>0x3c</size>
         <input_file_ref idref="fl-7b"/>
      </object_component>
      <object_component id="oc-6f7">
         <name>.text:__mspabi_sllll</name>
         <load_address>0xa608</load_address>
         <run_address>0xa608</run_address>
         <size>0x3a</size>
         <input_file_ref idref="fl-73"/>
      </object_component>
      <object_component id="oc-709">
         <name>.text:__mspabi_srlll</name>
         <load_address>0xa642</load_address>
         <run_address>0xa642</run_address>
         <size>0x3a</size>
         <input_file_ref idref="fl-76"/>
      </object_component>
      <object_component id="oc-4bf">
         <name>.text:OLED_ShowString</name>
         <load_address>0xa67c</load_address>
         <run_address>0xa67c</run_address>
         <size>0x36</size>
         <input_file_ref idref="fl-4"/>
      </object_component>
      <object_component id="oc-5c0">
         <name>.text:vsprintf</name>
         <load_address>0xa6b2</load_address>
         <run_address>0xa6b2</run_address>
         <size>0x34</size>
         <input_file_ref idref="fl-8a"/>
      </object_component>
      <object_component id="oc-626">
         <name>.text:MyI2C_Stop</name>
         <load_address>0xa6e6</load_address>
         <run_address>0xa6e6</run_address>
         <size>0x30</size>
         <input_file_ref idref="fl-3"/>
      </object_component>
      <object_component id="oc-550">
         <name>.text:OLED_Clear</name>
         <load_address>0xa716</load_address>
         <run_address>0xa716</run_address>
         <size>0x30</size>
         <input_file_ref idref="fl-4"/>
      </object_component>
      <object_component id="oc-4e3">
         <name>.text:OLED_Printf</name>
         <load_address>0xa746</load_address>
         <run_address>0xa746</run_address>
         <size>0x30</size>
         <input_file_ref idref="fl-4"/>
      </object_component>
      <object_component id="oc-54a">
         <name>.text:OLED_WriteCommand</name>
         <load_address>0xa776</load_address>
         <run_address>0xa776</run_address>
         <size>0x30</size>
         <input_file_ref idref="fl-4"/>
      </object_component>
      <object_component id="oc-592">
         <name>.text:__mspabi_subd</name>
         <load_address>0xa7a6</load_address>
         <run_address>0xa7a6</run_address>
         <size>0x2e</size>
         <input_file_ref idref="fl-77"/>
      </object_component>
      <object_component id="oc-4e9">
         <name>.text:OLED_Update</name>
         <load_address>0xa7d4</load_address>
         <run_address>0xa7d4</run_address>
         <size>0x2c</size>
         <input_file_ref idref="fl-4"/>
      </object_component>
      <object_component id="oc-704">
         <name>.text:__mpyull</name>
         <load_address>0xa800</load_address>
         <run_address>0xa800</run_address>
         <size>0x2c</size>
         <input_file_ref idref="fl-6d"/>
      </object_component>
      <object_component id="oc-5ba">
         <name>.text</name>
         <load_address>0xa82c</load_address>
         <run_address>0xa82c</run_address>
         <size>0x2c</size>
         <input_file_ref idref="fl-5c"/>
      </object_component>
      <object_component id="oc-544">
         <name>.text:Delay_ms</name>
         <load_address>0xa858</load_address>
         <run_address>0xa858</run_address>
         <size>0x2a</size>
         <input_file_ref idref="fl-1d"/>
      </object_component>
      <object_component id="oc-5cc">
         <name>.text:OLED_SetCursor</name>
         <load_address>0xa882</load_address>
         <run_address>0xa882</run_address>
         <size>0x2a</size>
         <input_file_ref idref="fl-4"/>
      </object_component>
      <object_component id="oc-580">
         <name>.text:__mspabi_negd</name>
         <load_address>0xa8ac</load_address>
         <run_address>0xa8ac</run_address>
         <size>0x2a</size>
         <input_file_ref idref="fl-70"/>
      </object_component>
      <object_component id="oc-614">
         <name>.text:MyI2C_Start</name>
         <load_address>0xa8d6</load_address>
         <run_address>0xa8d6</run_address>
         <size>0x26</size>
         <input_file_ref idref="fl-3"/>
      </object_component>
      <object_component id="oc-768">
         <name>.text:memccpy</name>
         <load_address>0xa8fc</load_address>
         <run_address>0xa8fc</run_address>
         <size>0x22</size>
         <input_file_ref idref="fl-9b"/>
      </object_component>
      <object_component id="oc-691">
         <name>.text:_outs</name>
         <load_address>0xa91e</load_address>
         <run_address>0xa91e</run_address>
         <size>0x18</size>
         <input_file_ref idref="fl-8a"/>
      </object_component>
      <object_component id="oc-557">
         <name>.text</name>
         <load_address>0xa936</load_address>
         <run_address>0xa936</run_address>
         <size>0x18</size>
         <input_file_ref idref="fl-67"/>
      </object_component>
      <object_component id="oc-5b4">
         <name>.text:strcmp</name>
         <load_address>0xa94e</load_address>
         <run_address>0xa94e</run_address>
         <size>0x18</size>
         <input_file_ref idref="fl-89"/>
      </object_component>
      <object_component id="oc-56c">
         <name>.text:OLED_Pow</name>
         <load_address>0xa966</load_address>
         <run_address>0xa966</run_address>
         <size>0x16</size>
         <input_file_ref idref="fl-4"/>
      </object_component>
      <object_component id="oc-5a4">
         <name>.text</name>
         <load_address>0xa97c</load_address>
         <run_address>0xa97c</run_address>
         <size>0x16</size>
         <input_file_ref idref="fl-5e"/>
      </object_component>
      <object_component id="oc-5aa">
         <name>.text:memset</name>
         <load_address>0xa992</load_address>
         <run_address>0xa992</run_address>
         <size>0x14</size>
         <input_file_ref idref="fl-85"/>
      </object_component>
      <object_component id="oc-53e">
         <name>.text:MyI2C_Init</name>
         <load_address>0xa9a6</load_address>
         <run_address>0xa9a6</run_address>
         <size>0x12</size>
         <input_file_ref idref="fl-3"/>
      </object_component>
      <object_component id="oc-586">
         <name>.text:__mspabi_fixdu</name>
         <load_address>0xa9b8</load_address>
         <run_address>0xa9b8</run_address>
         <size>0x12</size>
         <input_file_ref idref="fl-60"/>
      </object_component>
      <object_component id="oc-697">
         <name>.text:_outc</name>
         <load_address>0xa9ca</load_address>
         <run_address>0xa9ca</run_address>
         <size>0x12</size>
         <input_file_ref idref="fl-8a"/>
      </object_component>
      <object_component id="oc-6c9">
         <name>.text:memcpy</name>
         <load_address>0xa9dc</load_address>
         <run_address>0xa9dc</run_address>
         <size>0x12</size>
         <input_file_ref idref="fl-84"/>
      </object_component>
      <object_component id="oc-712">
         <name>.text:l_asr</name>
         <load_address>0xa9ee</load_address>
         <run_address>0xa9ee</run_address>
         <size>0x10</size>
         <input_file_ref idref="fl-88"/>
      </object_component>
      <object_component id="oc-6e4">
         <name>.text:l_lsr</name>
         <load_address>0xa9fe</load_address>
         <run_address>0xa9fe</run_address>
         <size>0x10</size>
         <input_file_ref idref="fl-75"/>
      </object_component>
      <object_component id="oc-726">
         <name>.text:strlen</name>
         <load_address>0xaa0e</load_address>
         <run_address>0xaa0e</run_address>
         <size>0xe</size>
         <input_file_ref idref="fl-9d"/>
      </object_component>
      <object_component id="oc-638">
         <name>.text</name>
         <load_address>0xaa1c</load_address>
         <run_address>0xaa1c</run_address>
         <size>0xa</size>
         <input_file_ref idref="fl-71"/>
      </object_component>
      <object_component id="oc-63d">
         <name>.text</name>
         <load_address>0xaa26</load_address>
         <run_address>0xaa26</run_address>
         <size>0xa</size>
         <input_file_ref idref="fl-74"/>
      </object_component>
      <object_component id="oc-58c">
         <name>.text:__mspabi_fltud</name>
         <load_address>0xaa30</load_address>
         <run_address>0xaa30</run_address>
         <size>0x6</size>
         <input_file_ref idref="fl-62"/>
      </object_component>
      <object_component id="oc-4fa">
         <name>.text:abort</name>
         <load_address>0xaa36</load_address>
         <run_address>0xaa36</run_address>
         <size>0x6</size>
         <input_file_ref idref="fl-81"/>
      </object_component>
      <object_component id="oc-48a">
         <name>.text:_system_pre_init</name>
         <load_address>0xaa3c</load_address>
         <run_address>0xaa3c</run_address>
         <size>0x4</size>
         <input_file_ref idref="fl-7f"/>
      </object_component>
      <object_component id="oc-5f1">
         <name>.text:_system_post_cinit</name>
         <load_address>0xaa40</load_address>
         <run_address>0xaa40</run_address>
         <size>0x2</size>
         <input_file_ref idref="fl-7e"/>
      </object_component>
      <object_component id="oc-466">
         <name>.text:_isr:_c_int00_noargs_mpu</name>
         <load_address>0xaa42</load_address>
         <run_address>0xaa42</run_address>
         <size>0x20</size>
         <input_file_ref idref="fl-7a"/>
      </object_component>
      <object_component id="oc-437">
         <name>.text:_isr:__TI_ISR_TRAP</name>
         <load_address>0xaa62</load_address>
         <run_address>0xaa62</run_address>
         <size>0x8</size>
         <input_file_ref idref="fl-41"/>
      </object_component>
      <object_component id="oc-5d2">
         <name>.common:OLED_DisplayBuf</name>
         <uninitialized>true</uninitialized>
         <run_address>0x2000</run_address>
         <size>0x400</size>
      </object_component>
      <object_component id="oc-41c">
         <name>.stack</name>
         <uninitialized>true</uninitialized>
         <run_address>0x2f60</run_address>
         <size>0x2</size>
         <input_file_ref idref="fl-7a"/>
      </object_component>
      <object_component id="oc-7f6">
         <name>.stack</name>
         <uninitialized>true</uninitialized>
         <run_address>0x2f60</run_address>
         <size>0x0</size>
      </object_component>
      <object_component id="oc-72">
         <name>.int22</name>
         <load_address>0xffce</load_address>
         <run_address>0xffce</run_address>
         <size>0x2</size>
         <input_file_ref idref="fl-40"/>
      </object_component>
      <object_component id="oc-73">
         <name>.int23</name>
         <load_address>0xffd0</load_address>
         <run_address>0xffd0</run_address>
         <size>0x2</size>
         <input_file_ref idref="fl-42"/>
      </object_component>
      <object_component id="oc-74">
         <name>.int24</name>
         <load_address>0xffd2</load_address>
         <run_address>0xffd2</run_address>
         <size>0x2</size>
         <input_file_ref idref="fl-43"/>
      </object_component>
      <object_component id="oc-75">
         <name>.int25</name>
         <load_address>0xffd4</load_address>
         <run_address>0xffd4</run_address>
         <size>0x2</size>
         <input_file_ref idref="fl-44"/>
      </object_component>
      <object_component id="oc-76">
         <name>.int26</name>
         <load_address>0xffd6</load_address>
         <run_address>0xffd6</run_address>
         <size>0x2</size>
         <input_file_ref idref="fl-45"/>
      </object_component>
      <object_component id="oc-77">
         <name>.int27</name>
         <load_address>0xffd8</load_address>
         <run_address>0xffd8</run_address>
         <size>0x2</size>
         <input_file_ref idref="fl-46"/>
      </object_component>
      <object_component id="oc-78">
         <name>.int28</name>
         <load_address>0xffda</load_address>
         <run_address>0xffda</run_address>
         <size>0x2</size>
         <input_file_ref idref="fl-47"/>
      </object_component>
      <object_component id="oc-79">
         <name>.int29</name>
         <load_address>0xffdc</load_address>
         <run_address>0xffdc</run_address>
         <size>0x2</size>
         <input_file_ref idref="fl-48"/>
      </object_component>
      <object_component id="oc-7a">
         <name>.int30</name>
         <load_address>0xffde</load_address>
         <run_address>0xffde</run_address>
         <size>0x2</size>
         <input_file_ref idref="fl-49"/>
      </object_component>
      <object_component id="oc-7b">
         <name>.int31</name>
         <load_address>0xffe0</load_address>
         <run_address>0xffe0</run_address>
         <size>0x2</size>
         <input_file_ref idref="fl-4a"/>
      </object_component>
      <object_component id="oc-7c">
         <name>.int32</name>
         <load_address>0xffe2</load_address>
         <run_address>0xffe2</run_address>
         <size>0x2</size>
         <input_file_ref idref="fl-4b"/>
      </object_component>
      <object_component id="oc-7d">
         <name>.int33</name>
         <load_address>0xffe4</load_address>
         <run_address>0xffe4</run_address>
         <size>0x2</size>
         <input_file_ref idref="fl-4c"/>
      </object_component>
      <object_component id="oc-7e">
         <name>.int34</name>
         <load_address>0xffe6</load_address>
         <run_address>0xffe6</run_address>
         <size>0x2</size>
         <input_file_ref idref="fl-4d"/>
      </object_component>
      <object_component id="oc-7f">
         <name>.int35</name>
         <load_address>0xffe8</load_address>
         <run_address>0xffe8</run_address>
         <size>0x2</size>
         <input_file_ref idref="fl-4e"/>
      </object_component>
      <object_component id="oc-80">
         <name>.int36</name>
         <load_address>0xffea</load_address>
         <run_address>0xffea</run_address>
         <size>0x2</size>
         <input_file_ref idref="fl-4f"/>
      </object_component>
      <object_component id="oc-81">
         <name>.int37</name>
         <load_address>0xffec</load_address>
         <run_address>0xffec</run_address>
         <size>0x2</size>
         <input_file_ref idref="fl-50"/>
      </object_component>
      <object_component id="oc-82">
         <name>.int38</name>
         <load_address>0xffee</load_address>
         <run_address>0xffee</run_address>
         <size>0x2</size>
         <input_file_ref idref="fl-51"/>
      </object_component>
      <object_component id="oc-83">
         <name>.int39</name>
         <load_address>0xfff0</load_address>
         <run_address>0xfff0</run_address>
         <size>0x2</size>
         <input_file_ref idref="fl-52"/>
      </object_component>
      <object_component id="oc-84">
         <name>.int40</name>
         <load_address>0xfff2</load_address>
         <run_address>0xfff2</run_address>
         <size>0x2</size>
         <input_file_ref idref="fl-53"/>
      </object_component>
      <object_component id="oc-85">
         <name>.int41</name>
         <load_address>0xfff4</load_address>
         <run_address>0xfff4</run_address>
         <size>0x2</size>
         <input_file_ref idref="fl-54"/>
      </object_component>
      <object_component id="oc-86">
         <name>.int42</name>
         <load_address>0xfff6</load_address>
         <run_address>0xfff6</run_address>
         <size>0x2</size>
         <input_file_ref idref="fl-55"/>
      </object_component>
      <object_component id="oc-87">
         <name>.int43</name>
         <load_address>0xfff8</load_address>
         <run_address>0xfff8</run_address>
         <size>0x2</size>
         <input_file_ref idref="fl-56"/>
      </object_component>
      <object_component id="oc-88">
         <name>.int44</name>
         <load_address>0xfffa</load_address>
         <run_address>0xfffa</run_address>
         <size>0x2</size>
         <input_file_ref idref="fl-57"/>
      </object_component>
      <object_component id="oc-89">
         <name>.int45</name>
         <load_address>0xfffc</load_address>
         <run_address>0xfffc</run_address>
         <size>0x2</size>
         <input_file_ref idref="fl-58"/>
      </object_component>
      <object_component id="oc-41f">
         <name>.reset</name>
         <load_address>0xfffe</load_address>
         <run_address>0xfffe</run_address>
         <size>0x2</size>
         <input_file_ref idref="fl-7a"/>
      </object_component>
      <object_component id="oc-6a7">
         <name>.debug_info</name>
         <load_address>0x0</load_address>
         <run_address>0x0</run_address>
         <size>0x3ce</size>
         <input_file_ref idref="fl-2"/>
      </object_component>
      <object_component id="oc-492">
         <name>.debug_info</name>
         <load_address>0x3ce</load_address>
         <run_address>0x3ce</run_address>
         <size>0x1cd</size>
         <input_file_ref idref="fl-2"/>
      </object_component>
      <object_component id="oc-64c">
         <name>.debug_info</name>
         <load_address>0x59b</load_address>
         <run_address>0x59b</run_address>
         <size>0x26b</size>
         <input_file_ref idref="fl-2"/>
      </object_component>
      <object_component id="oc-647">
         <name>.debug_info</name>
         <load_address>0x806</load_address>
         <run_address>0x806</run_address>
         <size>0x5e</size>
         <input_file_ref idref="fl-2"/>
      </object_component>
      <object_component id="oc-4f0">
         <name>.debug_info</name>
         <load_address>0x864</load_address>
         <run_address>0x864</run_address>
         <size>0x8b</size>
         <input_file_ref idref="fl-2"/>
      </object_component>
      <object_component id="oc-5da">
         <name>.debug_info</name>
         <load_address>0x8ef</load_address>
         <run_address>0x8ef</run_address>
         <size>0x282</size>
         <input_file_ref idref="fl-2"/>
      </object_component>
      <object_component id="oc-4f5">
         <name>.debug_info</name>
         <load_address>0xb71</load_address>
         <run_address>0xb71</run_address>
         <size>0xbb</size>
         <input_file_ref idref="fl-2"/>
      </object_component>
      <object_component id="oc-628">
         <name>.debug_info</name>
         <load_address>0xc2c</load_address>
         <run_address>0xc2c</run_address>
         <size>0x11b</size>
         <input_file_ref idref="fl-3"/>
      </object_component>
      <object_component id="oc-616">
         <name>.debug_info</name>
         <load_address>0xd47</load_address>
         <run_address>0xd47</run_address>
         <size>0x11d</size>
         <input_file_ref idref="fl-3"/>
      </object_component>
      <object_component id="oc-61b">
         <name>.debug_info</name>
         <load_address>0xe64</load_address>
         <run_address>0xe64</run_address>
         <size>0x150</size>
         <input_file_ref idref="fl-3"/>
      </object_component>
      <object_component id="oc-621">
         <name>.debug_info</name>
         <load_address>0xfb4</load_address>
         <run_address>0xfb4</run_address>
         <size>0x13a</size>
         <input_file_ref idref="fl-3"/>
      </object_component>
      <object_component id="oc-540">
         <name>.debug_info</name>
         <load_address>0x10ee</load_address>
         <run_address>0x10ee</run_address>
         <size>0x11b</size>
         <input_file_ref idref="fl-3"/>
      </object_component>
      <object_component id="oc-56a">
         <name>.debug_info</name>
         <load_address>0x1209</load_address>
         <run_address>0x1209</run_address>
         <size>0x41c</size>
         <input_file_ref idref="fl-4"/>
      </object_component>
      <object_component id="oc-5d4">
         <name>.debug_info</name>
         <load_address>0x1625</load_address>
         <run_address>0x1625</run_address>
         <size>0x21a</size>
         <input_file_ref idref="fl-4"/>
      </object_component>
      <object_component id="oc-54b">
         <name>.debug_info</name>
         <load_address>0x183f</load_address>
         <run_address>0x183f</run_address>
         <size>0x1fb</size>
         <input_file_ref idref="fl-4"/>
      </object_component>
      <object_component id="oc-5cd">
         <name>.debug_info</name>
         <load_address>0x1a3a</load_address>
         <run_address>0x1a3a</run_address>
         <size>0x1a0</size>
         <input_file_ref idref="fl-4"/>
      </object_component>
      <object_component id="oc-4ea">
         <name>.debug_info</name>
         <load_address>0x1bda</load_address>
         <run_address>0x1bda</run_address>
         <size>0x14f</size>
         <input_file_ref idref="fl-4"/>
      </object_component>
      <object_component id="oc-633">
         <name>.debug_info</name>
         <load_address>0x1d29</load_address>
         <run_address>0x1d29</run_address>
         <size>0x1da</size>
         <input_file_ref idref="fl-4"/>
      </object_component>
      <object_component id="oc-560">
         <name>.debug_info</name>
         <load_address>0x1f03</load_address>
         <run_address>0x1f03</run_address>
         <size>0x28e</size>
         <input_file_ref idref="fl-4"/>
      </object_component>
      <object_component id="oc-4b9">
         <name>.debug_info</name>
         <load_address>0x2191</load_address>
         <run_address>0x2191</run_address>
         <size>0x1df</size>
         <input_file_ref idref="fl-4"/>
      </object_component>
      <object_component id="oc-4c0">
         <name>.debug_info</name>
         <load_address>0x2370</load_address>
         <run_address>0x2370</run_address>
         <size>0x1e0</size>
         <input_file_ref idref="fl-4"/>
      </object_component>
      <object_component id="oc-4cc">
         <name>.debug_info</name>
         <load_address>0x2550</load_address>
         <run_address>0x2550</run_address>
         <size>0x29a</size>
         <input_file_ref idref="fl-4"/>
      </object_component>
      <object_component id="oc-4c6">
         <name>.debug_info</name>
         <load_address>0x27ea</load_address>
         <run_address>0x27ea</run_address>
         <size>0x24a</size>
         <input_file_ref idref="fl-4"/>
      </object_component>
      <object_component id="oc-4d8">
         <name>.debug_info</name>
         <load_address>0x2a34</load_address>
         <run_address>0x2a34</run_address>
         <size>0x3c9</size>
         <input_file_ref idref="fl-4"/>
      </object_component>
      <object_component id="oc-4de">
         <name>.debug_info</name>
         <load_address>0x2dfd</load_address>
         <run_address>0x2dfd</run_address>
         <size>0x26a</size>
         <input_file_ref idref="fl-4"/>
      </object_component>
      <object_component id="oc-4d2">
         <name>.debug_info</name>
         <load_address>0x3067</load_address>
         <run_address>0x3067</run_address>
         <size>0x23b</size>
         <input_file_ref idref="fl-4"/>
      </object_component>
      <object_component id="oc-4e4">
         <name>.debug_info</name>
         <load_address>0x32a2</load_address>
         <run_address>0x32a2</run_address>
         <size>0x1de</size>
         <input_file_ref idref="fl-4"/>
      </object_component>
      <object_component id="oc-56d">
         <name>.debug_info</name>
         <load_address>0x3480</load_address>
         <run_address>0x3480</run_address>
         <size>0x170</size>
         <input_file_ref idref="fl-4"/>
      </object_component>
      <object_component id="oc-551">
         <name>.debug_info</name>
         <load_address>0x35f0</load_address>
         <run_address>0x35f0</run_address>
         <size>0x12e</size>
         <input_file_ref idref="fl-4"/>
      </object_component>
      <object_component id="oc-4b3">
         <name>.debug_info</name>
         <load_address>0x371e</load_address>
         <run_address>0x371e</run_address>
         <size>0x390</size>
         <input_file_ref idref="fl-4"/>
      </object_component>
      <object_component id="oc-687">
         <name>.debug_info</name>
         <load_address>0x3aae</load_address>
         <run_address>0x3aae</run_address>
         <size>0x2c</size>
         <input_file_ref idref="fl-4"/>
      </object_component>
      <object_component id="oc-5c7">
         <name>.debug_info</name>
         <load_address>0x3ada</load_address>
         <run_address>0x3ada</run_address>
         <size>0x2c</size>
         <input_file_ref idref="fl-4"/>
      </object_component>
      <object_component id="oc-651">
         <name>.debug_info</name>
         <load_address>0x3b06</load_address>
         <run_address>0x3b06</run_address>
         <size>0x35</size>
         <input_file_ref idref="fl-4"/>
      </object_component>
      <object_component id="oc-631">
         <name>.debug_info</name>
         <load_address>0x3b3b</load_address>
         <run_address>0x3b3b</run_address>
         <size>0x14e</size>
         <input_file_ref idref="fl-5"/>
      </object_component>
      <object_component id="oc-566">
         <name>.debug_info</name>
         <load_address>0x3c89</load_address>
         <run_address>0x3c89</run_address>
         <size>0xe1</size>
         <input_file_ref idref="fl-5"/>
      </object_component>
      <object_component id="oc-55d">
         <name>.debug_info</name>
         <load_address>0x3d6a</load_address>
         <run_address>0x3d6a</run_address>
         <size>0xdf</size>
         <input_file_ref idref="fl-5"/>
      </object_component>
      <object_component id="oc-5b1">
         <name>.debug_info</name>
         <load_address>0x3e49</load_address>
         <run_address>0x3e49</run_address>
         <size>0xe6</size>
         <input_file_ref idref="fl-5"/>
      </object_component>
      <object_component id="oc-426">
         <name>.debug_info</name>
         <load_address>0x3f2f</load_address>
         <run_address>0x3f2f</run_address>
         <size>0x84</size>
         <input_file_ref idref="fl-5"/>
      </object_component>
      <object_component id="oc-546">
         <name>.debug_info</name>
         <load_address>0x3fb3</load_address>
         <run_address>0x3fb3</run_address>
         <size>0x145</size>
         <input_file_ref idref="fl-1d"/>
      </object_component>
      <object_component id="oc-439">
         <name>.debug_info</name>
         <load_address>0x40f8</load_address>
         <run_address>0x40f8</run_address>
         <size>0x10f</size>
         <input_file_ref idref="fl-41"/>
      </object_component>
      <object_component id="oc-443">
         <name>.debug_info</name>
         <load_address>0x4207</load_address>
         <run_address>0x4207</run_address>
         <size>0x1c1</size>
         <input_file_ref idref="fl-59"/>
      </object_component>
      <object_component id="oc-484">
         <name>.debug_info</name>
         <load_address>0x43c8</load_address>
         <run_address>0x43c8</run_address>
         <size>0x46</size>
         <input_file_ref idref="fl-59"/>
      </object_component>
      <object_component id="oc-57b">
         <name>.debug_info</name>
         <load_address>0x440e</load_address>
         <run_address>0x440e</run_address>
         <size>0x1cf</size>
         <input_file_ref idref="fl-5b"/>
      </object_component>
      <object_component id="oc-659">
         <name>.debug_info</name>
         <load_address>0x45dd</load_address>
         <run_address>0x45dd</run_address>
         <size>0x94</size>
         <input_file_ref idref="fl-5b"/>
      </object_component>
      <object_component id="oc-5bb">
         <name>.debug_info</name>
         <load_address>0x4671</load_address>
         <run_address>0x4671</run_address>
         <size>0x135</size>
         <input_file_ref idref="fl-5c"/>
      </object_component>
      <object_component id="oc-5a7">
         <name>.debug_info</name>
         <load_address>0x47a6</load_address>
         <run_address>0x47a6</run_address>
         <size>0x121</size>
         <input_file_ref idref="fl-5e"/>
      </object_component>
      <object_component id="oc-573">
         <name>.debug_info</name>
         <load_address>0x48c7</load_address>
         <run_address>0x48c7</run_address>
         <size>0x123</size>
         <input_file_ref idref="fl-5f"/>
      </object_component>
      <object_component id="oc-588">
         <name>.debug_info</name>
         <load_address>0x49ea</load_address>
         <run_address>0x49ea</run_address>
         <size>0x176</size>
         <input_file_ref idref="fl-60"/>
      </object_component>
      <object_component id="oc-660">
         <name>.debug_info</name>
         <load_address>0x4b60</load_address>
         <run_address>0x4b60</run_address>
         <size>0x1b0</size>
         <input_file_ref idref="fl-61"/>
      </object_component>
      <object_component id="oc-58d">
         <name>.debug_info</name>
         <load_address>0x4d10</load_address>
         <run_address>0x4d10</run_address>
         <size>0x166</size>
         <input_file_ref idref="fl-62"/>
      </object_component>
      <object_component id="oc-6f0">
         <name>.debug_info</name>
         <load_address>0x4e76</load_address>
         <run_address>0x4e76</run_address>
         <size>0x166</size>
         <input_file_ref idref="fl-63"/>
      </object_component>
      <object_component id="oc-669">
         <name>.debug_info</name>
         <load_address>0x4fdc</load_address>
         <run_address>0x4fdc</run_address>
         <size>0x1c1</size>
         <input_file_ref idref="fl-63"/>
      </object_component>
      <object_component id="oc-67b">
         <name>.debug_info</name>
         <load_address>0x519d</load_address>
         <run_address>0x519d</run_address>
         <size>0x192</size>
         <input_file_ref idref="fl-64"/>
      </object_component>
      <object_component id="oc-599">
         <name>.debug_info</name>
         <load_address>0x532f</load_address>
         <run_address>0x532f</run_address>
         <size>0x295</size>
         <input_file_ref idref="fl-64"/>
      </object_component>
      <object_component id="oc-678">
         <name>.debug_info</name>
         <load_address>0x55c4</load_address>
         <run_address>0x55c4</run_address>
         <size>0x244</size>
         <input_file_ref idref="fl-65"/>
      </object_component>
      <object_component id="oc-55a">
         <name>.debug_info</name>
         <load_address>0x5808</load_address>
         <run_address>0x5808</run_address>
         <size>0x130</size>
         <input_file_ref idref="fl-67"/>
      </object_component>
      <object_component id="oc-700">
         <name>.debug_info</name>
         <load_address>0x5938</load_address>
         <run_address>0x5938</run_address>
         <size>0x132</size>
         <input_file_ref idref="fl-6b"/>
      </object_component>
      <object_component id="oc-707">
         <name>.debug_info</name>
         <load_address>0x5a6a</load_address>
         <run_address>0x5a6a</run_address>
         <size>0x136</size>
         <input_file_ref idref="fl-6d"/>
      </object_component>
      <object_component id="oc-581">
         <name>.debug_info</name>
         <load_address>0x5ba0</load_address>
         <run_address>0x5ba0</run_address>
         <size>0x163</size>
         <input_file_ref idref="fl-70"/>
      </object_component>
      <object_component id="oc-63b">
         <name>.debug_info</name>
         <load_address>0x5d03</load_address>
         <run_address>0x5d03</run_address>
         <size>0x120</size>
         <input_file_ref idref="fl-71"/>
      </object_component>
      <object_component id="oc-6e0">
         <name>.debug_info</name>
         <load_address>0x5e23</load_address>
         <run_address>0x5e23</run_address>
         <size>0x126</size>
         <input_file_ref idref="fl-72"/>
      </object_component>
      <object_component id="oc-6fa">
         <name>.debug_info</name>
         <load_address>0x5f49</load_address>
         <run_address>0x5f49</run_address>
         <size>0x188</size>
         <input_file_ref idref="fl-73"/>
      </object_component>
      <object_component id="oc-63e">
         <name>.debug_info</name>
         <load_address>0x60d1</load_address>
         <run_address>0x60d1</run_address>
         <size>0x120</size>
         <input_file_ref idref="fl-74"/>
      </object_component>
      <object_component id="oc-6e5">
         <name>.debug_info</name>
         <load_address>0x61f1</load_address>
         <run_address>0x61f1</run_address>
         <size>0x120</size>
         <input_file_ref idref="fl-75"/>
      </object_component>
      <object_component id="oc-6eb">
         <name>.debug_info</name>
         <load_address>0x6311</load_address>
         <run_address>0x6311</run_address>
         <size>0x126</size>
         <input_file_ref idref="fl-75"/>
      </object_component>
      <object_component id="oc-70a">
         <name>.debug_info</name>
         <load_address>0x6437</load_address>
         <run_address>0x6437</run_address>
         <size>0x188</size>
         <input_file_ref idref="fl-76"/>
      </object_component>
      <object_component id="oc-596">
         <name>.debug_info</name>
         <load_address>0x65bf</load_address>
         <run_address>0x65bf</run_address>
         <size>0x1a3</size>
         <input_file_ref idref="fl-77"/>
      </object_component>
      <object_component id="oc-6fe">
         <name>.debug_info</name>
         <load_address>0x6762</load_address>
         <run_address>0x6762</run_address>
         <size>0x15f</size>
         <input_file_ref idref="fl-78"/>
      </object_component>
      <object_component id="oc-670">
         <name>.debug_info</name>
         <load_address>0x68c1</load_address>
         <run_address>0x68c1</run_address>
         <size>0x3a0</size>
         <input_file_ref idref="fl-78"/>
      </object_component>
      <object_component id="oc-6f4">
         <name>.debug_info</name>
         <load_address>0x6c61</load_address>
         <run_address>0x6c61</run_address>
         <size>0x188</size>
         <input_file_ref idref="fl-79"/>
      </object_component>
      <object_component id="oc-41d">
         <name>.debug_info</name>
         <load_address>0x6de9</load_address>
         <run_address>0x6de9</run_address>
         <size>0x100</size>
         <input_file_ref idref="fl-7a"/>
      </object_component>
      <object_component id="oc-468">
         <name>.debug_info</name>
         <load_address>0x6ee9</load_address>
         <run_address>0x6ee9</run_address>
         <size>0x193</size>
         <input_file_ref idref="fl-7a"/>
      </object_component>
      <object_component id="oc-4a4">
         <name>.debug_info</name>
         <load_address>0x707c</load_address>
         <run_address>0x707c</run_address>
         <size>0x1ae</size>
         <input_file_ref idref="fl-7b"/>
      </object_component>
      <object_component id="oc-539">
         <name>.debug_info</name>
         <load_address>0x722a</load_address>
         <run_address>0x722a</run_address>
         <size>0x18b</size>
         <input_file_ref idref="fl-7b"/>
      </object_component>
      <object_component id="oc-5f8">
         <name>.debug_info</name>
         <load_address>0x73b5</load_address>
         <run_address>0x73b5</run_address>
         <size>0x409</size>
         <input_file_ref idref="fl-7d"/>
      </object_component>
      <object_component id="oc-51f">
         <name>.debug_info</name>
         <load_address>0x77be</load_address>
         <run_address>0x77be</run_address>
         <size>0x216</size>
         <input_file_ref idref="fl-7d"/>
      </object_component>
      <object_component id="oc-6bf">
         <name>.debug_info</name>
         <load_address>0x79d4</load_address>
         <run_address>0x79d4</run_address>
         <size>0x39</size>
         <input_file_ref idref="fl-7d"/>
      </object_component>
      <object_component id="oc-6d1">
         <name>.debug_info</name>
         <load_address>0x7a0d</load_address>
         <run_address>0x7a0d</run_address>
         <size>0x2c</size>
         <input_file_ref idref="fl-7d"/>
      </object_component>
      <object_component id="oc-603">
         <name>.debug_info</name>
         <load_address>0x7a39</load_address>
         <run_address>0x7a39</run_address>
         <size>0x2c</size>
         <input_file_ref idref="fl-7d"/>
      </object_component>
      <object_component id="oc-6c4">
         <name>.debug_info</name>
         <load_address>0x7a65</load_address>
         <run_address>0x7a65</run_address>
         <size>0xcd</size>
         <input_file_ref idref="fl-7d"/>
      </object_component>
      <object_component id="oc-5f5">
         <name>.debug_info</name>
         <load_address>0x7b32</load_address>
         <run_address>0x7b32</run_address>
         <size>0x150</size>
         <input_file_ref idref="fl-7e"/>
      </object_component>
      <object_component id="oc-48b">
         <name>.debug_info</name>
         <load_address>0x7c82</load_address>
         <run_address>0x7c82</run_address>
         <size>0x153</size>
         <input_file_ref idref="fl-7f"/>
      </object_component>
      <object_component id="oc-4fd">
         <name>.debug_info</name>
         <load_address>0x7dd5</load_address>
         <run_address>0x7dd5</run_address>
         <size>0x122</size>
         <input_file_ref idref="fl-81"/>
      </object_component>
      <object_component id="oc-743">
         <name>.debug_info</name>
         <load_address>0x7ef7</load_address>
         <run_address>0x7ef7</run_address>
         <size>0x181</size>
         <input_file_ref idref="fl-84"/>
      </object_component>
      <object_component id="oc-6cb">
         <name>.debug_info</name>
         <load_address>0x8078</load_address>
         <run_address>0x8078</run_address>
         <size>0x17a</size>
         <input_file_ref idref="fl-84"/>
      </object_component>
      <object_component id="oc-686">
         <name>.debug_info</name>
         <load_address>0x81f2</load_address>
         <run_address>0x81f2</run_address>
         <size>0x16d</size>
         <input_file_ref idref="fl-85"/>
      </object_component>
      <object_component id="oc-5ab">
         <name>.debug_info</name>
         <load_address>0x835f</load_address>
         <run_address>0x835f</run_address>
         <size>0x275</size>
         <input_file_ref idref="fl-85"/>
      </object_component>
      <object_component id="oc-683">
         <name>.debug_info</name>
         <load_address>0x85d4</load_address>
         <run_address>0x85d4</run_address>
         <size>0x183</size>
         <input_file_ref idref="fl-86"/>
      </object_component>
      <object_component id="oc-59f">
         <name>.debug_info</name>
[...]
         <value>0xa6e6</value>
         <object_component_ref idref="oc-626"/>
      </symbol>
      <symbol id="sm-445">
         <name>MyI2C_Start</name>
         <value>0xa8d6</value>
         <object_component_ref idref="oc-614"/>
      </symbol>
      <symbol id="sm-446">
         <name>MyI2C_ReceiveAck</name>
         <value>0xa440</value>
         <object_component_ref idref="oc-620"/>
      </symbol>
      <symbol id="sm-4fe">
         <name>OLED_DisplayBuf</name>
         <value>0x2000</value>
      </symbol>
      <symbol id="sm-4ff">
         <name>OLED_WriteCommand</name>
         <value>0xa776</value>
         <object_component_ref idref="oc-54a"/>
      </symbol>
      <symbol id="sm-500">
         <name>OLED_Update</name>
         <value>0xa7d4</value>
         <object_component_ref idref="oc-4e9"/>
      </symbol>
      <symbol id="sm-501">
         <name>OLED_WriteData</name>
         <value>0xa490</value>
         <object_component_ref idref="oc-5d3"/>
      </symbol>
      <symbol id="sm-502">
         <name>OLED_Pow</name>
         <value>0xa966</value>
         <object_component_ref idref="oc-56c"/>
      </symbol>
      <symbol id="sm-503">
         <name>OLED_ShowNum</name>
         <value>0xa0d0</value>
         <object_component_ref idref="oc-4c5"/>
      </symbol>
      <symbol id="sm-504">
         <name>OLED_ClearArea</name>
         <value>0xa13e</value>
         <object_component_ref idref="oc-632"/>
      </symbol>
      <symbol id="sm-505">
         <name>OLED_ShowBinNum</name>
         <value>0xa27a</value>
         <object_component_ref idref="oc-4d1"/>
      </symbol>
      <symbol id="sm-506">
         <name>OLED_ShowImage</name>
         <value>0x99d4</value>
         <object_component_ref idref="oc-55f"/>
      </symbol>
      <symbol id="sm-507">
         <name>OLED_SetCursor</name>
         <value>0xa882</value>
         <object_component_ref idref="oc-5cc"/>
      </symbol>
      <symbol id="sm-508">
         <name>OLED_ShowFloatNum</name>
         <value>0x94f2</value>
         <object_component_ref idref="oc-4d7"/>
      </symbol>
      <symbol id="sm-509">
         <name>OLED_Init</name>
         <value>0x9c8c</value>
         <object_component_ref idref="oc-4b2"/>
      </symbol>
      <symbol id="sm-50a">
         <name>OLED_ShowString</name>
         <value>0xa67c</value>
         <object_component_ref idref="oc-4bf"/>
      </symbol>
      <symbol id="sm-50b">
         <name>OLED_ShowChar</name>
         <value>0xa33a</value>
         <object_component_ref idref="oc-4b8"/>
      </symbol>
      <symbol id="sm-50c">
         <name>OLED_Clear</name>
         <value>0xa716</value>
         <object_component_ref idref="oc-550"/>
      </symbol>
      <symbol id="sm-50d">
         <name>OLED_ShowChinese</name>
         <value>0x9f00</value>
         <object_component_ref idref="oc-4dd"/>
      </symbol>
      <symbol id="sm-50e">
         <name>OLED_Printf</name>
         <value>0xa746</value>
         <object_component_ref idref="oc-4e3"/>
      </symbol>
      <symbol id="sm-50f">
         <name>OLED_ShowSignedNum</name>
         <value>0x9fbe</value>
         <object_component_ref idref="oc-4cb"/>
      </symbol>
      <symbol id="sm-528">
         <name>OLED_F8x16</name>
         <value>0x8012</value>
         <object_component_ref idref="oc-565"/>
      </symbol>
      <symbol id="sm-529">
         <name>OLED_F6x8</name>
         <value>0x8602</value>
         <object_component_ref idref="oc-55c"/>
      </symbol>
      <symbol id="sm-52a">
         <name>OLED_CF16x16</name>
         <value>0x883c</value>
         <object_component_ref idref="oc-5b0"/>
      </symbol>
      <symbol id="sm-54d">
         <name>Delay_ms</name>
         <value>0xa858</value>
         <object_component_ref idref="oc-544"/>
      </symbol>
      <symbol id="sm-552">
         <name>__TI_int22</name>
         <value>0xffce</value>
         <object_component_ref idref="oc-72"/>
      </symbol>
      <symbol id="sm-55a">
         <name>__TI_ISR_TRAP</name>
         <value>0xaa62</value>
         <object_component_ref idref="oc-437"/>
      </symbol>
      <symbol id="sm-55d">
         <name>__TI_int23</name>
         <value>0xffd0</value>
         <object_component_ref idref="oc-73"/>
      </symbol>
      <symbol id="sm-560">
         <name>__TI_int24</name>
         <value>0xffd2</value>
         <object_component_ref idref="oc-74"/>
      </symbol>
      <symbol id="sm-563">
         <name>__TI_int25</name>
         <value>0xffd4</value>
         <object_component_ref idref="oc-75"/>
      </symbol>
      <symbol id="sm-566">
         <name>__TI_int26</name>
         <value>0xffd6</value>
         <object_component_ref idref="oc-76"/>
      </symbol>
      <symbol id="sm-569">
         <name>__TI_int27</name>
         <value>0xffd8</value>
         <object_component_ref idref="oc-77"/>
      </symbol>
      <symbol id="sm-56c">
         <name>__TI_int28</name>
         <value>0xffda</value>
         <object_component_ref idref="oc-78"/>
      </symbol>
      <symbol id="sm-56f">
         <name>__TI_int29</name>
         <value>0xffdc</value>
         <object_component_ref idref="oc-79"/>
      </symbol>
      <symbol id="sm-572">
         <name>__TI_int30</name>
         <value>0xffde</value>
         <object_component_ref idref="oc-7a"/>
      </symbol>
      <symbol id="sm-575">
         <name>__TI_int31</name>
         <value>0xffe0</value>
         <object_component_ref idref="oc-7b"/>
      </symbol>
      <symbol id="sm-578">
         <name>__TI_int32</name>
         <value>0xffe2</value>
         <object_component_ref idref="oc-7c"/>
      </symbol>
      <symbol id="sm-57b">
         <name>__TI_int33</name>
         <value>0xffe4</value>
         <object_component_ref idref="oc-7d"/>
      </symbol>
      <symbol id="sm-57e">
         <name>__TI_int34</name>
         <value>0xffe6</value>
         <object_component_ref idref="oc-7e"/>
      </symbol>
      <symbol id="sm-581">
         <name>__TI_int35</name>
         <value>0xffe8</value>
         <object_component_ref idref="oc-7f"/>
      </symbol>
      <symbol id="sm-584">
         <name>__TI_int36</name>
         <value>0xffea</value>
         <object_component_ref idref="oc-80"/>
      </symbol>
      <symbol id="sm-587">
         <name>__TI_int37</name>
         <value>0xffec</value>
         <object_component_ref idref="oc-81"/>
      </symbol>
      <symbol id="sm-58a">
         <name>__TI_int38</name>
         <value>0xffee</value>
         <object_component_ref idref="oc-82"/>
      </symbol>
      <symbol id="sm-58d">
         <name>__TI_int39</name>
         <value>0xfff0</value>
         <object_component_ref idref="oc-83"/>
      </symbol>
      <symbol id="sm-590">
         <name>__TI_int40</name>
         <value>0xfff2</value>
         <object_component_ref idref="oc-84"/>
      </symbol>
      <symbol id="sm-593">
         <name>__TI_int41</name>
         <value>0xfff4</value>
         <object_component_ref idref="oc-85"/>
      </symbol>
      <symbol id="sm-596">
         <name>__TI_int42</name>
         <value>0xfff6</value>
         <object_component_ref idref="oc-86"/>
      </symbol>
      <symbol id="sm-599">
         <name>__TI_int43</name>
         <value>0xfff8</value>
         <object_component_ref idref="oc-87"/>
      </symbol>
      <symbol id="sm-59c">
         <name>__TI_int44</name>
         <value>0xfffa</value>
         <object_component_ref idref="oc-88"/>
      </symbol>
      <symbol id="sm-59f">
         <name>__TI_int45</name>
         <value>0xfffc</value>
         <object_component_ref idref="oc-89"/>
      </symbol>
      <symbol id="sm-5af">
         <name>__TI_zero_init</name>
         <value>0xa512</value>
         <object_component_ref idref="oc-442"/>
      </symbol>
      <symbol id="sm-5cf">
         <name>__mspabi_cmpd</name>
         <value>0x9d64</value>
         <object_component_ref idref="oc-57a"/>
      </symbol>
      <symbol id="sm-5db">
         <name>__mspabi_remi</name>
         <value>0xa82c</value>
         <object_component_ref idref="oc-5ba"/>
      </symbol>
      <symbol id="sm-5dc">
         <name>__mspabi_divi</name>
         <value>0xa82c</value>
         <object_component_ref idref="oc-5ba"/>
      </symbol>
      <symbol id="sm-5e7">
         <name>__mspabi_remu</name>
         <value>0xa97c</value>
         <object_component_ref idref="oc-5a4"/>
      </symbol>
      <symbol id="sm-5e8">
         <name>__mspabi_divu</name>
         <value>0xa97c</value>
         <object_component_ref idref="oc-5a4"/>
      </symbol>
      <symbol id="sm-5f6">
         <name>__mspabi_remul</name>
         <value>0xa394</value>
         <object_component_ref idref="oc-572"/>
      </symbol>
      <symbol id="sm-5f7">
         <name>__mspabi_divul</name>
         <value>0xa394</value>
         <object_component_ref idref="oc-572"/>
      </symbol>
      <symbol id="sm-602">
         <name>__mspabi_fixdu</name>
         <value>0xa9b8</value>
         <object_component_ref idref="oc-586"/>
      </symbol>
      <symbol id="sm-612">
         <name>__mspabi_fixdul</name>
         <value>0xa212</value>
         <object_component_ref idref="oc-65f"/>
      </symbol>
      <symbol id="sm-61b">
         <name>__mspabi_fltud</name>
         <value>0xaa30</value>
         <object_component_ref idref="oc-58c"/>
      </symbol>
      <symbol id="sm-630">
         <name>__mspabi_fltuld</name>
         <value>0xa050</value>
         <object_component_ref idref="oc-666"/>
      </symbol>
      <symbol id="sm-655">
         <name>__mspabi_mpyd</name>
         <value>0x90a0</value>
         <object_component_ref idref="oc-598"/>
      </symbol>
      <symbol id="sm-660">
         <name>__TI_frcmpyd</name>
         <value>0x9660</value>
         <object_component_ref idref="oc-674"/>
      </symbol>
      <symbol id="sm-669">
         <name>__mspabi_mpyi_f5hw</name>
         <value>0xa936</value>
         <object_component_ref idref="oc-557"/>
      </symbol>
      <symbol id="sm-674">
         <name>__mspabi_mpyll_f5hw</name>
         <value>0xa2de</value>
         <object_component_ref idref="oc-6ff"/>
      </symbol>
      <symbol id="sm-67d">
         <name>__mspabi_mpyull_f5hw</name>
         <value>0xa800</value>
         <object_component_ref idref="oc-704"/>
      </symbol>
      <symbol id="sm-688">
         <name>__mspabi_negd</name>
         <value>0xa8ac</value>
         <object_component_ref idref="oc-580"/>
      </symbol>
      <symbol id="sm-691">
         <name>__mspabi_slli</name>
         <value>0xaa1c</value>
         <object_component_ref idref="oc-638"/>
      </symbol>
      <symbol id="sm-699">
         <name>__mspabi_slll_9</name>
         <value>0xa568</value>
         <object_component_ref idref="oc-6df"/>
      </symbol>
      <symbol id="sm-69a">
         <name>__mspabi_slll_8</name>
         <value>0xa56c</value>
         <object_component_ref idref="oc-6df"/>
      </symbol>
      <symbol id="sm-69b">
         <name>__mspabi_slll_7</name>
         <value>0xa570</value>
         <object_component_ref idref="oc-6df"/>
      </symbol>
      <symbol id="sm-69c">
         <name>__mspabi_slll_6</name>
         <value>0xa574</value>
         <object_component_ref idref="oc-6df"/>
      </symbol>
      <symbol id="sm-69d">
         <name>__mspabi_slll_5</name>
         <value>0xa578</value>
         <object_component_ref idref="oc-6df"/>
      </symbol>
      <symbol id="sm-69e">
         <name>__mspabi_slll_4</name>
         <value>0xa57c</value>
         <object_component_ref idref="oc-6df"/>
      </symbol>
      <symbol id="sm-69f">
         <name>__mspabi_slll_3</name>
         <value>0xa580</value>
         <object_component_ref idref="oc-6df"/>
      </symbol>
      <symbol id="sm-6a0">
         <name>__mspabi_slll_2</name>
         <value>0xa584</value>
         <object_component_ref idref="oc-6df"/>
      </symbol>
      <symbol id="sm-6a1">
         <name>__mspabi_slll_1</name>
         <value>0xa588</value>
         <object_component_ref idref="oc-6df"/>
      </symbol>
      <symbol id="sm-6a2">
         <name>__mspabi_slll_15</name>
         <value>0xa550</value>
         <object_component_ref idref="oc-6df"/>
      </symbol>
      <symbol id="sm-6a3">
         <name>__mspabi_slll_14</name>
         <value>0xa554</value>
         <object_component_ref idref="oc-6df"/>
      </symbol>
      <symbol id="sm-6a4">
         <name>__mspabi_slll_13</name>
         <value>0xa558</value>
         <object_component_ref idref="oc-6df"/>
      </symbol>
      <symbol id="sm-6a5">
         <name>__mspabi_slll_12</name>
         <value>0xa55c</value>
         <object_component_ref idref="oc-6df"/>
      </symbol>
      <symbol id="sm-6a6">
         <name>__mspabi_slll_11</name>
         <value>0xa560</value>
         <object_component_ref idref="oc-6df"/>
      </symbol>
      <symbol id="sm-6a7">
         <name>__mspabi_slll_10</name>
         <value>0xa564</value>
         <object_component_ref idref="oc-6df"/>
      </symbol>
      <symbol id="sm-6b4">
         <name>__mspabi_sllll</name>
         <value>0xa608</value>
         <object_component_ref idref="oc-6f7"/>
      </symbol>
      <symbol id="sm-6bd">
         <name>__mspabi_srli</name>
         <value>0xaa26</value>
         <object_component_ref idref="oc-63d"/>
      </symbol>
      <symbol id="sm-6cd">
         <name>__mspabi_srll_8</name>
         <value>0xa5aa</value>
         <object_component_ref idref="oc-6ea"/>
      </symbol>
      <symbol id="sm-6ce">
         <name>__mspabi_srll_9</name>
         <value>0xa5a6</value>
         <object_component_ref idref="oc-6ea"/>
      </symbol>
      <symbol id="sm-6cf">
         <name>__mspabi_srll_6</name>
         <value>0xa5b2</value>
         <object_component_ref idref="oc-6ea"/>
      </symbol>
      <symbol id="sm-6d0">
         <name>__mspabi_srll_7</name>
         <value>0xa5ae</value>
         <object_component_ref idref="oc-6ea"/>
      </symbol>
      <symbol id="sm-6d1">
         <name>__mspabi_srll_4</name>
         <value>0xa5ba</value>
         <object_component_ref idref="oc-6ea"/>
      </symbol>
      <symbol id="sm-6d2">
         <name>__mspabi_srll_5</name>
         <value>0xa5b6</value>
         <object_component_ref idref="oc-6ea"/>
      </symbol>
      <symbol id="sm-6d3">
         <name>__mspabi_srll_2</name>
         <value>0xa5c2</value>
         <object_component_ref idref="oc-6ea"/>
      </symbol>
      <symbol id="sm-6d4">
         <name>__mspabi_srll_3</name>
         <value>0xa5be</value>
         <object_component_ref idref="oc-6ea"/>
      </symbol>
      <symbol id="sm-6d5">
         <name>__mspabi_srll_1</name>
         <value>0xa5c6</value>
         <object_component_ref idref="oc-6ea"/>
      </symbol>
      <symbol id="sm-6d6">
         <name>__mspabi_srll_15</name>
         <value>0xa58e</value>
         <object_component_ref idref="oc-6ea"/>
      </symbol>
      <symbol id="sm-6d7">
         <name>__mspabi_srll_14</name>
         <value>0xa592</value>
         <object_component_ref idref="oc-6ea"/>
      </symbol>
      <symbol id="sm-6d8">
         <name>__mspabi_srll_13</name>
         <value>0xa596</value>
         <object_component_ref idref="oc-6ea"/>
      </symbol>
      <symbol id="sm-6d9">
         <name>__mspabi_srll_12</name>
         <value>0xa59a</value>
         <object_component_ref idref="oc-6ea"/>
      </symbol>
      <symbol id="sm-6da">
         <name>__mspabi_srll_11</name>
         <value>0xa59e</value>
         <object_component_ref idref="oc-6ea"/>
      </symbol>
      <symbol id="sm-6db">
         <name>__mspabi_srll_10</name>
         <value>0xa5a2</value>
         <object_component_ref idref="oc-6ea"/>
      </symbol>
      <symbol id="sm-6dc">
         <name>__mspabi_srll</name>
         <value>0xa9fe</value>
         <object_component_ref idref="oc-6e4"/>
      </symbol>
      <symbol id="sm-6e9">
         <name>__mspabi_srlll</name>
         <value>0xa642</value>
         <object_component_ref idref="oc-709"/>
      </symbol>
      <symbol id="sm-6f2">
         <name>__mspabi_subd</name>
         <value>0xa7a6</value>
         <object_component_ref idref="oc-592"/>
      </symbol>
      <symbol id="sm-72c">
         <name>__mspabi_addd</name>
         <value>0x8976</value>
         <object_component_ref idref="oc-66d"/>
      </symbol>
      <symbol id="sm-739">
         <name>__mspabi_srall</name>
         <value>0xa4d2</value>
         <object_component_ref idref="oc-6f1"/>
      </symbol>
      <symbol id="sm-749">
         <name>_c_int00_noargs_mpu</name>
         <value>0xaa42</value>
         <object_component_ref idref="oc-466"/>
      </symbol>
      <symbol id="sm-74a">
         <name>_stack</name>
         <value>0x2f60</value>
         <object_component_ref idref="oc-41c"/>
      </symbol>
      <symbol id="sm-74b">
         <name>_reset_vector</name>
         <value>0xfffe</value>
         <object_component_ref idref="oc-41f"/>
      </symbol>
      <symbol id="sm-759">
         <name>__mpu_init</name>
         <value>0xa5cc</value>
         <object_component_ref idref="oc-4a2"/>
      </symbol>
      <symbol id="sm-77c">
         <name>__TI_auto_init_nobinit_nopinit_hold_wdt</name>
         <value>0xa1a8</value>
         <object_component_ref idref="oc-51e"/>
      </symbol>
      <symbol id="sm-785">
         <name>_system_post_cinit</name>
         <value>0xaa40</value>
         <object_component_ref idref="oc-5f1"/>
      </symbol>
      <symbol id="sm-78e">
         <name>_system_pre_init</name>
         <value>0xaa3c</value>
         <object_component_ref idref="oc-48a"/>
      </symbol>
      <symbol id="sm-799">
         <name>C$$EXIT</name>
         <value>0xaa36</value>
         <object_component_ref idref="oc-4fa"/>
      </symbol>
      <symbol id="sm-79a">
         <name>abort</name>
         <value>0xaa36</value>
         <object_component_ref idref="oc-4fa"/>
      </symbol>
      <symbol id="sm-7aa">
         <name>memcpy</name>
         <value>0xa9dc</value>
         <object_component_ref idref="oc-6c9"/>
      </symbol>
      <symbol id="sm-7b8">
         <name>memset</name>
         <value>0xa992</value>
         <object_component_ref idref="oc-5aa"/>
      </symbol>
      <symbol id="sm-7cb">
         <name>roundl</name>
         <value>0x98d2</value>
         <object_component_ref idref="oc-59e"/>
      </symbol>
      <symbol id="sm-7cc">
         <name>round</name>
         <value>0x98d2</value>
         <object_component_ref idref="oc-59e"/>
      </symbol>
      <symbol id="sm-7f6">
         <name>floorl</name>
         <value>0x9332</value>
         <object_component_ref idref="oc-67c"/>
      </symbol>
      <symbol id="sm-7f7">
         <name>floor</name>
         <value>0x9332</value>
         <object_component_ref idref="oc-67c"/>
      </symbol>
      <symbol id="sm-801">
         <name>__mspabi_sral</name>
         <value>0xa9ee</value>
         <object_component_ref idref="oc-712"/>
      </symbol>
      <symbol id="sm-80f">
         <name>strcmp</name>
         <value>0xa94e</value>
         <object_component_ref idref="oc-5b4"/>
      </symbol>
      <symbol id="sm-830">
         <name>vsprintf</name>
         <value>0xa6b2</value>
         <object_component_ref idref="oc-5c0"/>
      </symbol>
      <symbol id="sm-889">
         <name>__TI_printfi_minimal</name>
         <value>0x9ace</value>
         <object_component_ref idref="oc-69d"/>
      </symbol>
      <symbol id="sm-8a7">
         <name>memccpy</name>
         <value>0xa8fc</value>
         <object_component_ref idref="oc-768"/>
      </symbol>
      <symbol id="sm-8b5">
         <name>strlen</name>
         <value>0xaa0e</value>
         <object_component_ref idref="oc-726"/>
      </symbol>
   </symbol_table>
   <title>Link successful</title>
</link_info>
